---
source: crates/spite-parser/tests/assignment_patterns.rs
expression: "[\"[...x,]=source\", \"({...{x}}=source)\", \"[x+y]=source\",\n\"'use strict';({x:arguments}=source)\", \"([x])=source\", \"({x=1})\",\n\"for([x]=[] of source) ;\",].map(|source| parse_script(source).unwrap_err())"
---
[
    Diagnostic {
        kind: Syntax,
        span: Span {
            start: 5,
            end: 6,
        },
        message: "expected ]",
    },
    Diagnostic {
        kind: Syntax,
        span: Span {
            start: 5,
            end: 8,
        },
        message: "object assignment rest requires a reference",
    },
    Diagnostic {
        kind: Syntax,
        span: Span {
            start: 1,
            end: 4,
        },
        message: "invalid destructuring assignment target",
    },
    Diagnostic {
        kind: Syntax,
        span: Span {
            start: 17,
            end: 26,
        },
        message: "invalid assignment in strict mode",
    },
    Diagnostic {
        kind: Syntax,
        span: Span {
            start: 0,
            end: 5,
        },
        message: "invalid assignment target",
    },
    Diagnostic {
        kind: Syntax,
        span: Span {
            start: 3,
            end: 4,
        },
        message: "initialized shorthand is not allowed in an object literal",
    },
    Diagnostic {
        kind: Syntax,
        span: Span {
            start: 4,
            end: 10,
        },
        message: "invalid for-of assignment target",
    },
]
