---
source: crates/spite-parser/tests/loops.rs
expression: script
---
Script {
    statements: [
        Statement {
            kind: While {
                test: Expr {
                    depth: 1,
                    kind: Literal(
                        Boolean(
                            true,
                        ),
                    ),
                    span: Span {
                        start: 7,
                        end: 11,
                    },
                },
                body: Statement {
                    kind: Block(
                        [
                            Statement {
                                kind: If {
                                    test: Expr {
                                        depth: 1,
                                        kind: Literal(
                                            Boolean(
                                                false,
                                            ),
                                        ),
                                        span: Span {
                                            start: 19,
                                            end: 24,
                                        },
                                    },
                                    consequent: Statement {
                                        kind: Continue,
                                        span: Span {
                                            start: 26,
                                            end: 35,
                                        },
                                    },
                                    alternate: None,
                                },
                                span: Span {
                                    start: 15,
                                    end: 35,
                                },
                            },
                            Statement {
                                kind: Break,
                                span: Span {
                                    start: 36,
                                    end: 42,
                                },
                            },
                        ],
                    ),
                    span: Span {
                        start: 13,
                        end: 44,
                    },
                },
            },
            span: Span {
                start: 0,
                end: 44,
            },
        },
    ],
    strict: false,
}
