---
source: crates/spite-parser/tests/regexp_names.rs
expression: errors
---
[
    Diagnostic {
        kind: Syntax,
        span: Span {
            start: 0,
            end: 8,
        },
        message: "empty regular expression group name",
    },
    Diagnostic {
        kind: Syntax,
        span: Span {
            start: 0,
            end: 11,
        },
        message: "invalid regular expression group name identifier",
    },
    Diagnostic {
        kind: Syntax,
        span: Span {
            start: 0,
            end: 9,
        },
        message: "regular expression group name requires a Unicode escape",
    },
    Diagnostic {
        kind: Syntax,
        span: Span {
            start: 0,
            end: 7,
        },
        message: "invalid regular expression group name identifier",
    },
    Diagnostic {
        kind: Syntax,
        span: Span {
            start: 0,
            end: 5,
        },
        message: "regular expression named backreference requires a group name",
    },
    Diagnostic {
        kind: Syntax,
        span: Span {
            start: 0,
            end: 7,
        },
        message: "regular expression named backreference has no capture",
    },
    Diagnostic {
        kind: Syntax,
        span: Span {
            start: 0,
            end: 17,
        },
        message: "regular expression capture names might both participate",
    },
    Diagnostic {
        kind: Syntax,
        span: Span {
            start: 0,
            end: 14,
        },
        message: "regular expression named backreference has no capture",
    },
    Diagnostic {
        kind: Syntax,
        span: Span {
            start: 15,
            end: 31,
        },
        message: "regular expression capture names might both participate",
    },
]
