---
source: crates/spite-core/src/regexp_prefixed.rs
expression: rows
---
"ab+" i=false s=false captures=0 ""@0/false:None ""@1/true:None "a"@0/false:None "a"@1/true:None "ab"@0/false:Some((0..2, [])) "ab"@1/true:None "abb"@0/false:Some((0..3, [])) "abb"@1/true:None "abbb"@0/false:Some((0..4, [])) "abbb"@1/true:None "aaa"@0/false:None "aaa"@1/true:None "aaaa"@0/false:None "aaaa"@1/true:None "aab"@0/false:Some((1..3, [])) "aab"@1/true:Some((1..3, [])) "aabab"@0/false:Some((1..3, [])) "aabab"@1/true:Some((1..3, [])) "xaab"@0/false:Some((2..4, [])) "xaab"@1/true:None "xay"@0/false:None "xay"@1/true:None "xy"@0/false:None "xy"@1/true:None "12x"@0/false:None "12x"@1/true:None "a12x"@0/false:None "a12x"@1/true:None "ΜAA"@0/false:None "ΜAA"@1/true:None "x\n"@0/false:None "x\n"@1/true:None "abc"@0/false:Some((0..2, [])) "abc"@1/true:None
"ab+" i=true s=false captures=0 ""@0/false:None ""@1/true:None "a"@0/false:None "a"@1/true:None "ab"@0/false:Some((0..2, [])) "ab"@1/true:None "abb"@0/false:Some((0..3, [])) "abb"@1/true:None "abbb"@0/false:Some((0..4, [])) "abbb"@1/true:None "aaa"@0/false:None "aaa"@1/true:None "aaaa"@0/false:None "aaaa"@1/true:None "aab"@0/false:Some((1..3, [])) "aab"@1/true:Some((1..3, [])) "aabab"@0/false:Some((1..3, [])) "aabab"@1/true:Some((1..3, [])) "xaab"@0/false:Some((2..4, [])) "xaab"@1/true:None "xay"@0/false:None "xay"@1/true:None "xy"@0/false:None "xy"@1/true:None "12x"@0/false:None "12x"@1/true:None "a12x"@0/false:None "a12x"@1/true:None "ΜAA"@0/false:None "ΜAA"@1/true:None "x\n"@0/false:None "x\n"@1/true:None "abc"@0/false:Some((0..2, [])) "abc"@1/true:None
"ab+" i=false s=true captures=0 ""@0/false:None ""@1/true:None "a"@0/false:None "a"@1/true:None "ab"@0/false:Some((0..2, [])) "ab"@1/true:None "abb"@0/false:Some((0..3, [])) "abb"@1/true:None "abbb"@0/false:Some((0..4, [])) "abbb"@1/true:None "aaa"@0/false:None "aaa"@1/true:None "aaaa"@0/false:None "aaaa"@1/true:None "aab"@0/false:Some((1..3, [])) "aab"@1/true:Some((1..3, [])) "aabab"@0/false:Some((1..3, [])) "aabab"@1/true:Some((1..3, [])) "xaab"@0/false:Some((2..4, [])) "xaab"@1/true:None "xay"@0/false:None "xay"@1/true:None "xy"@0/false:None "xy"@1/true:None "12x"@0/false:None "12x"@1/true:None "a12x"@0/false:None "a12x"@1/true:None "ΜAA"@0/false:None "ΜAA"@1/true:None "x\n"@0/false:None "x\n"@1/true:None "abc"@0/false:Some((0..2, [])) "abc"@1/true:None
"ab+?" i=false s=false captures=0 ""@0/false:None ""@1/true:None "a"@0/false:None "a"@1/true:None "ab"@0/false:Some((0..2, [])) "ab"@1/true:None "abb"@0/false:Some((0..2, [])) "abb"@1/true:None "abbb"@0/false:Some((0..2, [])) "abbb"@1/true:None "aaa"@0/false:None "aaa"@1/true:None "aaaa"@0/false:None "aaaa"@1/true:None "aab"@0/false:Some((1..3, [])) "aab"@1/true:Some((1..3, [])) "aabab"@0/false:Some((1..3, [])) "aabab"@1/true:Some((1..3, [])) "xaab"@0/false:Some((2..4, [])) "xaab"@1/true:None "xay"@0/false:None "xay"@1/true:None "xy"@0/false:None "xy"@1/true:None "12x"@0/false:None "12x"@1/true:None "a12x"@0/false:None "a12x"@1/true:None "ΜAA"@0/false:None "ΜAA"@1/true:None "x\n"@0/false:None "x\n"@1/true:None "abc"@0/false:Some((0..2, [])) "abc"@1/true:None
"ab+?" i=true s=false captures=0 ""@0/false:None ""@1/true:None "a"@0/false:None "a"@1/true:None "ab"@0/false:Some((0..2, [])) "ab"@1/true:None "abb"@0/false:Some((0..2, [])) "abb"@1/true:None "abbb"@0/false:Some((0..2, [])) "abbb"@1/true:None "aaa"@0/false:None "aaa"@1/true:None "aaaa"@0/false:None "aaaa"@1/true:None "aab"@0/false:Some((1..3, [])) "aab"@1/true:Some((1..3, [])) "aabab"@0/false:Some((1..3, [])) "aabab"@1/true:Some((1..3, [])) "xaab"@0/false:Some((2..4, [])) "xaab"@1/true:None "xay"@0/false:None "xay"@1/true:None "xy"@0/false:None "xy"@1/true:None "12x"@0/false:None "12x"@1/true:None "a12x"@0/false:None "a12x"@1/true:None "ΜAA"@0/false:None "ΜAA"@1/true:None "x\n"@0/false:None "x\n"@1/true:None "abc"@0/false:Some((0..2, [])) "abc"@1/true:None
"ab+?" i=false s=true captures=0 ""@0/false:None ""@1/true:None "a"@0/false:None "a"@1/true:None "ab"@0/false:Some((0..2, [])) "ab"@1/true:None "abb"@0/false:Some((0..2, [])) "abb"@1/true:None "abbb"@0/false:Some((0..2, [])) "abbb"@1/true:None "aaa"@0/false:None "aaa"@1/true:None "aaaa"@0/false:None "aaaa"@1/true:None "aab"@0/false:Some((1..3, [])) "aab"@1/true:Some((1..3, [])) "aabab"@0/false:Some((1..3, [])) "aabab"@1/true:Some((1..3, [])) "xaab"@0/false:Some((2..4, [])) "xaab"@1/true:None "xay"@0/false:None "xay"@1/true:None "xy"@0/false:None "xy"@1/true:None "12x"@0/false:None "12x"@1/true:None "a12x"@0/false:None "a12x"@1/true:None "ΜAA"@0/false:None "ΜAA"@1/true:None "x\n"@0/false:None "x\n"@1/true:None "abc"@0/false:Some((0..2, [])) "abc"@1/true:None
"ab*" i=false s=false captures=0 ""@0/false:None ""@1/true:None "a"@0/false:Some((0..1, [])) "a"@1/true:None "ab"@0/false:Some((0..2, [])) "ab"@1/true:None "abb"@0/false:Some((0..3, [])) "abb"@1/true:None "abbb"@0/false:Some((0..4, [])) "abbb"@1/true:None "aaa"@0/false:Some((0..1, [])) "aaa"@1/true:Some((1..2, [])) "aaaa"@0/false:Some((0..1, [])) "aaaa"@1/true:Some((1..2, [])) "aab"@0/false:Some((0..1, [])) "aab"@1/true:Some((1..3, [])) "aabab"@0/false:Some((0..1, [])) "aabab"@1/true:Some((1..3, [])) "xaab"@0/false:Some((1..2, [])) "xaab"@1/true:Some((1..2, [])) "xay"@0/false:Some((1..2, [])) "xay"@1/true:Some((1..2, [])) "xy"@0/false:None "xy"@1/true:None "12x"@0/false:None "12x"@1/true:None "a12x"@0/false:Some((0..1, [])) "a12x"@1/true:None "ΜAA"@0/false:None "ΜAA"@1/true:None "x\n"@0/false:None "x\n"@1/true:None "abc"@0/false:Some((0..2, [])) "abc"@1/true:None
"ab*" i=true s=false captures=0 ""@0/false:None ""@1/true:None "a"@0/false:Some((0..1, [])) "a"@1/true:None "ab"@0/false:Some((0..2, [])) "ab"@1/true:None "abb"@0/false:Some((0..3, [])) "abb"@1/true:None "abbb"@0/false:Some((0..4, [])) "abbb"@1/true:None "aaa"@0/false:Some((0..1, [])) "aaa"@1/true:Some((1..2, [])) "aaaa"@0/false:Some((0..1, [])) "aaaa"@1/true:Some((1..2, [])) "aab"@0/false:Some((0..1, [])) "aab"@1/true:Some((1..3, [])) "aabab"@0/false:Some((0..1, [])) "aabab"@1/true:Some((1..3, [])) "xaab"@0/false:Some((1..2, [])) "xaab"@1/true:Some((1..2, [])) "xay"@0/false:Some((1..2, [])) "xay"@1/true:Some((1..2, [])) "xy"@0/false:None "xy"@1/true:None "12x"@0/false:None "12x"@1/true:None "a12x"@0/false:Some((0..1, [])) "a12x"@1/true:None "ΜAA"@0/false:Some((1..2, [])) "ΜAA"@1/true:Some((1..2, [])) "x\n"@0/false:None "x\n"@1/true:None "abc"@0/false:Some((0..2, [])) "abc"@1/true:None
"ab*" i=false s=true captures=0 ""@0/false:None ""@1/true:None "a"@0/false:Some((0..1, [])) "a"@1/true:None "ab"@0/false:Some((0..2, [])) "ab"@1/true:None "abb"@0/false:Some((0..3, [])) "abb"@1/true:None "abbb"@0/false:Some((0..4, [])) "abbb"@1/true:None "aaa"@0/false:Some((0..1, [])) "aaa"@1/true:Some((1..2, [])) "aaaa"@0/false:Some((0..1, [])) "aaaa"@1/true:Some((1..2, [])) "aab"@0/false:Some((0..1, [])) "aab"@1/true:Some((1..3, [])) "aabab"@0/false:Some((0..1, [])) "aabab"@1/true:Some((1..3, [])) "xaab"@0/false:Some((1..2, [])) "xaab"@1/true:Some((1..2, [])) "xay"@0/false:Some((1..2, [])) "xay"@1/true:Some((1..2, [])) "xy"@0/false:None "xy"@1/true:None "12x"@0/false:None "12x"@1/true:None "a12x"@0/false:Some((0..1, [])) "a12x"@1/true:None "ΜAA"@0/false:None "ΜAA"@1/true:None "x\n"@0/false:None "x\n"@1/true:None "abc"@0/false:Some((0..2, [])) "abc"@1/true:None
"ab*?" i=false s=false captures=0 ""@0/false:None ""@1/true:None "a"@0/false:Some((0..1, [])) "a"@1/true:None "ab"@0/false:Some((0..1, [])) "ab"@1/true:None "abb"@0/false:Some((0..1, [])) "abb"@1/true:None "abbb"@0/false:Some((0..1, [])) "abbb"@1/true:None "aaa"@0/false:Some((0..1, [])) "aaa"@1/true:Some((1..2, [])) "aaaa"@0/false:Some((0..1, [])) "aaaa"@1/true:Some((1..2, [])) "aab"@0/false:Some((0..1, [])) "aab"@1/true:Some((1..2, [])) "aabab"@0/false:Some((0..1, [])) "aabab"@1/true:Some((1..2, [])) "xaab"@0/false:Some((1..2, [])) "xaab"@1/true:Some((1..2, [])) "xay"@0/false:Some((1..2, [])) "xay"@1/true:Some((1..2, [])) "xy"@0/false:None "xy"@1/true:None "12x"@0/false:None "12x"@1/true:None "a12x"@0/false:Some((0..1, [])) "a12x"@1/true:None "ΜAA"@0/false:None "ΜAA"@1/true:None "x\n"@0/false:None "x\n"@1/true:None "abc"@0/false:Some((0..1, [])) "abc"@1/true:None
"ab*?" i=true s=false captures=0 ""@0/false:None ""@1/true:None "a"@0/false:Some((0..1, [])) "a"@1/true:None "ab"@0/false:Some((0..1, [])) "ab"@1/true:None "abb"@0/false:Some((0..1, [])) "abb"@1/true:None "abbb"@0/false:Some((0..1, [])) "abbb"@1/true:None "aaa"@0/false:Some((0..1, [])) "aaa"@1/true:Some((1..2, [])) "aaaa"@0/false:Some((0..1, [])) "aaaa"@1/true:Some((1..2, [])) "aab"@0/false:Some((0..1, [])) "aab"@1/true:Some((1..2, [])) "aabab"@0/false:Some((0..1, [])) "aabab"@1/true:Some((1..2, [])) "xaab"@0/false:Some((1..2, [])) "xaab"@1/true:Some((1..2, [])) "xay"@0/false:Some((1..2, [])) "xay"@1/true:Some((1..2, [])) "xy"@0/false:None "xy"@1/true:None "12x"@0/false:None "12x"@1/true:None "a12x"@0/false:Some((0..1, [])) "a12x"@1/true:None "ΜAA"@0/false:Some((1..2, [])) "ΜAA"@1/true:Some((1..2, [])) "x\n"@0/false:None "x\n"@1/true:None "abc"@0/false:Some((0..1, [])) "abc"@1/true:None
"ab*?" i=false s=true captures=0 ""@0/false:None ""@1/true:None "a"@0/false:Some((0..1, [])) "a"@1/true:None "ab"@0/false:Some((0..1, [])) "ab"@1/true:None "abb"@0/false:Some((0..1, [])) "abb"@1/true:None "abbb"@0/false:Some((0..1, [])) "abbb"@1/true:None "aaa"@0/false:Some((0..1, [])) "aaa"@1/true:Some((1..2, [])) "aaaa"@0/false:Some((0..1, [])) "aaaa"@1/true:Some((1..2, [])) "aab"@0/false:Some((0..1, [])) "aab"@1/true:Some((1..2, [])) "aabab"@0/false:Some((0..1, [])) "aabab"@1/true:Some((1..2, [])) "xaab"@0/false:Some((1..2, [])) "xaab"@1/true:Some((1..2, [])) "xay"@0/false:Some((1..2, [])) "xay"@1/true:Some((1..2, [])) "xy"@0/false:None "xy"@1/true:None "12x"@0/false:None "12x"@1/true:None "a12x"@0/false:Some((0..1, [])) "a12x"@1/true:None "ΜAA"@0/false:None "ΜAA"@1/true:None "x\n"@0/false:None "x\n"@1/true:None "abc"@0/false:Some((0..1, [])) "abc"@1/true:None
"aa+a" i=false s=false captures=0 ""@0/false:None ""@1/true:None "a"@0/false:None "a"@1/true:None "ab"@0/false:None "ab"@1/true:None "abb"@0/false:None "abb"@1/true:None "abbb"@0/false:None "abbb"@1/true:None "aaa"@0/false:Some((0..3, [])) "aaa"@1/true:None "aaaa"@0/false:Some((0..4, [])) "aaaa"@1/true:Some((1..4, [])) "aab"@0/false:None "aab"@1/true:None "aabab"@0/false:None "aabab"@1/true:None "xaab"@0/false:None "xaab"@1/true:None "xay"@0/false:None "xay"@1/true:None "xy"@0/false:None "xy"@1/true:None "12x"@0/false:None "12x"@1/true:None "a12x"@0/false:None "a12x"@1/true:None "ΜAA"@0/false:None "ΜAA"@1/true:None "x\n"@0/false:None "x\n"@1/true:None "abc"@0/false:None "abc"@1/true:None
"aa+a" i=true s=false captures=0 ""@0/false:None ""@1/true:None "a"@0/false:None "a"@1/true:None "ab"@0/false:None "ab"@1/true:None "abb"@0/false:None "abb"@1/true:None "abbb"@0/false:None "abbb"@1/true:None "aaa"@0/false:Some((0..3, [])) "aaa"@1/true:None "aaaa"@0/false:Some((0..4, [])) "aaaa"@1/true:Some((1..4, [])) "aab"@0/false:None "aab"@1/true:None "aabab"@0/false:None "aabab"@1/true:None "xaab"@0/false:None "xaab"@1/true:None "xay"@0/false:None "xay"@1/true:None "xy"@0/false:None "xy"@1/true:None "12x"@0/false:None "12x"@1/true:None "a12x"@0/false:None "a12x"@1/true:None "ΜAA"@0/false:None "ΜAA"@1/true:None "x\n"@0/false:None "x\n"@1/true:None "abc"@0/false:None "abc"@1/true:None
"aa+a" i=false s=true captures=0 ""@0/false:None ""@1/true:None "a"@0/false:None "a"@1/true:None "ab"@0/false:None "ab"@1/true:None "abb"@0/false:None "abb"@1/true:None "abbb"@0/false:None "abbb"@1/true:None "aaa"@0/false:Some((0..3, [])) "aaa"@1/true:None "aaaa"@0/false:Some((0..4, [])) "aaaa"@1/true:Some((1..4, [])) "aab"@0/false:None "aab"@1/true:None "aabab"@0/false:None "aabab"@1/true:None "xaab"@0/false:None "xaab"@1/true:None "xay"@0/false:None "xay"@1/true:None "xy"@0/false:None "xy"@1/true:None "12x"@0/false:None "12x"@1/true:None "a12x"@0/false:None "a12x"@1/true:None "ΜAA"@0/false:None "ΜAA"@1/true:None "x\n"@0/false:None "x\n"@1/true:None "abc"@0/false:None "abc"@1/true:None
"aa+?a" i=false s=false captures=0 ""@0/false:None ""@1/true:None "a"@0/false:None "a"@1/true:None "ab"@0/false:None "ab"@1/true:None "abb"@0/false:None "abb"@1/true:None "abbb"@0/false:None "abbb"@1/true:None "aaa"@0/false:Some((0..3, [])) "aaa"@1/true:None "aaaa"@0/false:Some((0..3, [])) "aaaa"@1/true:Some((1..4, [])) "aab"@0/false:None "aab"@1/true:None "aabab"@0/false:None "aabab"@1/true:None "xaab"@0/false:None "xaab"@1/true:None "xay"@0/false:None "xay"@1/true:None "xy"@0/false:None "xy"@1/true:None "12x"@0/false:None "12x"@1/true:None "a12x"@0/false:None "a12x"@1/true:None "ΜAA"@0/false:None "ΜAA"@1/true:None "x\n"@0/false:None "x\n"@1/true:None "abc"@0/false:None "abc"@1/true:None
"aa+?a" i=true s=false captures=0 ""@0/false:None ""@1/true:None "a"@0/false:None "a"@1/true:None "ab"@0/false:None "ab"@1/true:None "abb"@0/false:None "abb"@1/true:None "abbb"@0/false:None "abbb"@1/true:None "aaa"@0/false:Some((0..3, [])) "aaa"@1/true:None "aaaa"@0/false:Some((0..3, [])) "aaaa"@1/true:Some((1..4, [])) "aab"@0/false:None "aab"@1/true:None "aabab"@0/false:None "aabab"@1/true:None "xaab"@0/false:None "xaab"@1/true:None "xay"@0/false:None "xay"@1/true:None "xy"@0/false:None "xy"@1/true:None "12x"@0/false:None "12x"@1/true:None "a12x"@0/false:None "a12x"@1/true:None "ΜAA"@0/false:None "ΜAA"@1/true:None "x\n"@0/false:None "x\n"@1/true:None "abc"@0/false:None "abc"@1/true:None
"aa+?a" i=false s=true captures=0 ""@0/false:None ""@1/true:None "a"@0/false:None "a"@1/true:None "ab"@0/false:None "ab"@1/true:None "abb"@0/false:None "abb"@1/true:None "abbb"@0/false:None "abbb"@1/true:None "aaa"@0/false:Some((0..3, [])) "aaa"@1/true:None "aaaa"@0/false:Some((0..3, [])) "aaaa"@1/true:Some((1..4, [])) "aab"@0/false:None "aab"@1/true:None "aabab"@0/false:None "aabab"@1/true:None "xaab"@0/false:None "xaab"@1/true:None "xay"@0/false:None "xay"@1/true:None "xy"@0/false:None "xy"@1/true:None "12x"@0/false:None "12x"@1/true:None "a12x"@0/false:None "a12x"@1/true:None "ΜAA"@0/false:None "ΜAA"@1/true:None "x\n"@0/false:None "x\n"@1/true:None "abc"@0/false:None "abc"@1/true:None
"aaa*" i=false s=false captures=0 ""@0/false:None ""@1/true:None "a"@0/false:None "a"@1/true:None "ab"@0/false:None "ab"@1/true:None "abb"@0/false:None "abb"@1/true:None "abbb"@0/false:None "abbb"@1/true:None "aaa"@0/false:Some((0..3, [])) "aaa"@1/true:Some((1..3, [])) "aaaa"@0/false:Some((0..4, [])) "aaaa"@1/true:Some((1..4, [])) "aab"@0/false:Some((0..2, [])) "aab"@1/true:None "aabab"@0/false:Some((0..2, [])) "aabab"@1/true:None "xaab"@0/false:Some((1..3, [])) "xaab"@1/true:Some((1..3, [])) "xay"@0/false:None "xay"@1/true:None "xy"@0/false:None "xy"@1/true:None "12x"@0/false:None "12x"@1/true:None "a12x"@0/false:None "a12x"@1/true:None "ΜAA"@0/false:None "ΜAA"@1/true:None "x\n"@0/false:None "x\n"@1/true:None "abc"@0/false:None "abc"@1/true:None
"aaa*" i=true s=false captures=0 ""@0/false:None ""@1/true:None "a"@0/false:None "a"@1/true:None "ab"@0/false:None "ab"@1/true:None "abb"@0/false:None "abb"@1/true:None "abbb"@0/false:None "abbb"@1/true:None "aaa"@0/false:Some((0..3, [])) "aaa"@1/true:Some((1..3, [])) "aaaa"@0/false:Some((0..4, [])) "aaaa"@1/true:Some((1..4, [])) "aab"@0/false:Some((0..2, [])) "aab"@1/true:None "aabab"@0/false:Some((0..2, [])) "aabab"@1/true:None "xaab"@0/false:Some((1..3, [])) "xaab"@1/true:Some((1..3, [])) "xay"@0/false:None "xay"@1/true:None "xy"@0/false:None "xy"@1/true:None "12x"@0/false:None "12x"@1/true:None "a12x"@0/false:None "a12x"@1/true:None "ΜAA"@0/false:Some((1..3, [])) "ΜAA"@1/true:Some((1..3, [])) "x\n"@0/false:None "x\n"@1/true:None "abc"@0/false:None "abc"@1/true:None
"aaa*" i=false s=true captures=0 ""@0/false:None ""@1/true:None "a"@0/false:None "a"@1/true:None "ab"@0/false:None "ab"@1/true:None "abb"@0/false:None "abb"@1/true:None "abbb"@0/false:None "abbb"@1/true:None "aaa"@0/false:Some((0..3, [])) "aaa"@1/true:Some((1..3, [])) "aaaa"@0/false:Some((0..4, [])) "aaaa"@1/true:Some((1..4, [])) "aab"@0/false:Some((0..2, [])) "aab"@1/true:None "aabab"@0/false:Some((0..2, [])) "aabab"@1/true:None "xaab"@0/false:Some((1..3, [])) "xaab"@1/true:Some((1..3, [])) "xay"@0/false:None "xay"@1/true:None "xy"@0/false:None "xy"@1/true:None "12x"@0/false:None "12x"@1/true:None "a12x"@0/false:None "a12x"@1/true:None "ΜAA"@0/false:None "ΜAA"@1/true:None "x\n"@0/false:None "x\n"@1/true:None "abc"@0/false:None "abc"@1/true:None
"aaa*?" i=false s=false captures=0 ""@0/false:None ""@1/true:None "a"@0/false:None "a"@1/true:None "ab"@0/false:None "ab"@1/true:None "abb"@0/false:None "abb"@1/true:None "abbb"@0/false:None "abbb"@1/true:None "aaa"@0/false:Some((0..2, [])) "aaa"@1/true:Some((1..3, [])) "aaaa"@0/false:Some((0..2, [])) "aaaa"@1/true:Some((1..3, [])) "aab"@0/false:Some((0..2, [])) "aab"@1/true:None "aabab"@0/false:Some((0..2, [])) "aabab"@1/true:None "xaab"@0/false:Some((1..3, [])) "xaab"@1/true:Some((1..3, [])) "xay"@0/false:None "xay"@1/true:None "xy"@0/false:None "xy"@1/true:None "12x"@0/false:None "12x"@1/true:None "a12x"@0/false:None "a12x"@1/true:None "ΜAA"@0/false:None "ΜAA"@1/true:None "x\n"@0/false:None "x\n"@1/true:None "abc"@0/false:None "abc"@1/true:None
"aaa*?" i=true s=false captures=0 ""@0/false:None ""@1/true:None "a"@0/false:None "a"@1/true:None "ab"@0/false:None "ab"@1/true:None "abb"@0/false:None "abb"@1/true:None "abbb"@0/false:None "abbb"@1/true:None "aaa"@0/false:Some((0..2, [])) "aaa"@1/true:Some((1..3, [])) "aaaa"@0/false:Some((0..2, [])) "aaaa"@1/true:Some((1..3, [])) "aab"@0/false:Some((0..2, [])) "aab"@1/true:None "aabab"@0/false:Some((0..2, [])) "aabab"@1/true:None "xaab"@0/false:Some((1..3, [])) "xaab"@1/true:Some((1..3, [])) "xay"@0/false:None "xay"@1/true:None "xy"@0/false:None "xy"@1/true:None "12x"@0/false:None "12x"@1/true:None "a12x"@0/false:None "a12x"@1/true:None "ΜAA"@0/false:Some((1..3, [])) "ΜAA"@1/true:Some((1..3, [])) "x\n"@0/false:None "x\n"@1/true:None "abc"@0/false:None "abc"@1/true:None
"aaa*?" i=false s=true captures=0 ""@0/false:None ""@1/true:None "a"@0/false:None "a"@1/true:None "ab"@0/false:None "ab"@1/true:None "abb"@0/false:None "abb"@1/true:None "abbb"@0/false:None "abbb"@1/true:None "aaa"@0/false:Some((0..2, [])) "aaa"@1/true:Some((1..3, [])) "aaaa"@0/false:Some((0..2, [])) "aaaa"@1/true:Some((1..3, [])) "aab"@0/false:Some((0..2, [])) "aab"@1/true:None "aabab"@0/false:Some((0..2, [])) "aabab"@1/true:None "xaab"@0/false:Some((1..3, [])) "xaab"@1/true:Some((1..3, [])) "xay"@0/false:None "xay"@1/true:None "xy"@0/false:None "xy"@1/true:None "12x"@0/false:None "12x"@1/true:None "a12x"@0/false:None "a12x"@1/true:None "ΜAA"@0/false:None "ΜAA"@1/true:None "x\n"@0/false:None "x\n"@1/true:None "abc"@0/false:None "abc"@1/true:None
"ab{1,3}" i=false s=false captures=0 ""@0/false:None ""@1/true:None "a"@0/false:None "a"@1/true:None "ab"@0/false:Some((0..2, [])) "ab"@1/true:None "abb"@0/false:Some((0..3, [])) "abb"@1/true:None "abbb"@0/false:Some((0..4, [])) "abbb"@1/true:None "aaa"@0/false:None "aaa"@1/true:None "aaaa"@0/false:None "aaaa"@1/true:None "aab"@0/false:Some((1..3, [])) "aab"@1/true:Some((1..3, [])) "aabab"@0/false:Some((1..3, [])) "aabab"@1/true:Some((1..3, [])) "xaab"@0/false:Some((2..4, [])) "xaab"@1/true:None "xay"@0/false:None "xay"@1/true:None "xy"@0/false:None "xy"@1/true:None "12x"@0/false:None "12x"@1/true:None "a12x"@0/false:None "a12x"@1/true:None "ΜAA"@0/false:None "ΜAA"@1/true:None "x\n"@0/false:None "x\n"@1/true:None "abc"@0/false:Some((0..2, [])) "abc"@1/true:None
"ab{1,3}" i=true s=false captures=0 ""@0/false:None ""@1/true:None "a"@0/false:None "a"@1/true:None "ab"@0/false:Some((0..2, [])) "ab"@1/true:None "abb"@0/false:Some((0..3, [])) "abb"@1/true:None "abbb"@0/false:Some((0..4, [])) "abbb"@1/true:None "aaa"@0/false:None "aaa"@1/true:None "aaaa"@0/false:None "aaaa"@1/true:None "aab"@0/false:Some((1..3, [])) "aab"@1/true:Some((1..3, [])) "aabab"@0/false:Some((1..3, [])) "aabab"@1/true:Some((1..3, [])) "xaab"@0/false:Some((2..4, [])) "xaab"@1/true:None "xay"@0/false:None "xay"@1/true:None "xy"@0/false:None "xy"@1/true:None "12x"@0/false:None "12x"@1/true:None "a12x"@0/false:None "a12x"@1/true:None "ΜAA"@0/false:None "ΜAA"@1/true:None "x\n"@0/false:None "x\n"@1/true:None "abc"@0/false:Some((0..2, [])) "abc"@1/true:None
"ab{1,3}" i=false s=true captures=0 ""@0/false:None ""@1/true:None "a"@0/false:None "a"@1/true:None "ab"@0/false:Some((0..2, [])) "ab"@1/true:None "abb"@0/false:Some((0..3, [])) "abb"@1/true:None "abbb"@0/false:Some((0..4, [])) "abbb"@1/true:None "aaa"@0/false:None "aaa"@1/true:None "aaaa"@0/false:None "aaaa"@1/true:None "aab"@0/false:Some((1..3, [])) "aab"@1/true:Some((1..3, [])) "aabab"@0/false:Some((1..3, [])) "aabab"@1/true:Some((1..3, [])) "xaab"@0/false:Some((2..4, [])) "xaab"@1/true:None "xay"@0/false:None "xay"@1/true:None "xy"@0/false:None "xy"@1/true:None "12x"@0/false:None "12x"@1/true:None "a12x"@0/false:None "a12x"@1/true:None "ΜAA"@0/false:None "ΜAA"@1/true:None "x\n"@0/false:None "x\n"@1/true:None "abc"@0/false:Some((0..2, [])) "abc"@1/true:None
"ab{0,2}?b" i=false s=false captures=0 ""@0/false:None ""@1/true:None "a"@0/false:None "a"@1/true:None "ab"@0/false:Some((0..2, [])) "ab"@1/true:None "abb"@0/false:Some((0..2, [])) "abb"@1/true:None "abbb"@0/false:Some((0..2, [])) "abbb"@1/true:None "aaa"@0/false:None "aaa"@1/true:None "aaaa"@0/false:None "aaaa"@1/true:None "aab"@0/false:Some((1..3, [])) "aab"@1/true:Some((1..3, [])) "aabab"@0/false:Some((1..3, [])) "aabab"@1/true:Some((1..3, [])) "xaab"@0/false:Some((2..4, [])) "xaab"@1/true:None "xay"@0/false:None "xay"@1/true:None "xy"@0/false:None "xy"@1/true:None "12x"@0/false:None "12x"@1/true:None "a12x"@0/false:None "a12x"@1/true:None "ΜAA"@0/false:None "ΜAA"@1/true:None "x\n"@0/false:None "x\n"@1/true:None "abc"@0/false:Some((0..2, [])) "abc"@1/true:None
"ab{0,2}?b" i=true s=false captures=0 ""@0/false:None ""@1/true:None "a"@0/false:None "a"@1/true:None "ab"@0/false:Some((0..2, [])) "ab"@1/true:None "abb"@0/false:Some((0..2, [])) "abb"@1/true:None "abbb"@0/false:Some((0..2, [])) "abbb"@1/true:None "aaa"@0/false:None "aaa"@1/true:None "aaaa"@0/false:None "aaaa"@1/true:None "aab"@0/false:Some((1..3, [])) "aab"@1/true:Some((1..3, [])) "aabab"@0/false:Some((1..3, [])) "aabab"@1/true:Some((1..3, [])) "xaab"@0/false:Some((2..4, [])) "xaab"@1/true:None "xay"@0/false:None "xay"@1/true:None "xy"@0/false:None "xy"@1/true:None "12x"@0/false:None "12x"@1/true:None "a12x"@0/false:None "a12x"@1/true:None "ΜAA"@0/false:None "ΜAA"@1/true:None "x\n"@0/false:None "x\n"@1/true:None "abc"@0/false:Some((0..2, [])) "abc"@1/true:None
"ab{0,2}?b" i=false s=true captures=0 ""@0/false:None ""@1/true:None "a"@0/false:None "a"@1/true:None "ab"@0/false:Some((0..2, [])) "ab"@1/true:None "abb"@0/false:Some((0..2, [])) "abb"@1/true:None "abbb"@0/false:Some((0..2, [])) "abbb"@1/true:None "aaa"@0/false:None "aaa"@1/true:None "aaaa"@0/false:None "aaaa"@1/true:None "aab"@0/false:Some((1..3, [])) "aab"@1/true:Some((1..3, [])) "aabab"@0/false:Some((1..3, [])) "aabab"@1/true:Some((1..3, [])) "xaab"@0/false:Some((2..4, [])) "xaab"@1/true:None "xay"@0/false:None "xay"@1/true:None "xy"@0/false:None "xy"@1/true:None "12x"@0/false:None "12x"@1/true:None "a12x"@0/false:None "a12x"@1/true:None "ΜAA"@0/false:None "ΜAA"@1/true:None "x\n"@0/false:None "x\n"@1/true:None "abc"@0/false:Some((0..2, [])) "abc"@1/true:None
"a([ab])*ab" i=false s=false captures=1 ""@0/false:None ""@1/true:None "a"@0/false:None "a"@1/true:None "ab"@0/false:None "ab"@1/true:None "abb"@0/false:None "abb"@1/true:None "abbb"@0/false:None "abbb"@1/true:None "aaa"@0/false:None "aaa"@1/true:None "aaaa"@0/false:None "aaaa"@1/true:None "aab"@0/false:Some((0..3, [None])) "aab"@1/true:None "aabab"@0/false:Some((0..5, [Some(2..3)])) "aabab"@1/true:Some((1..5, [Some(2..3)])) "xaab"@0/false:Some((1..4, [None])) "xaab"@1/true:Some((1..4, [None])) "xay"@0/false:None "xay"@1/true:None "xy"@0/false:None "xy"@1/true:None "12x"@0/false:None "12x"@1/true:None "a12x"@0/false:None "a12x"@1/true:None "ΜAA"@0/false:None "ΜAA"@1/true:None "x\n"@0/false:None "x\n"@1/true:None "abc"@0/false:None "abc"@1/true:None
"a([ab])*ab" i=true s=false captures=1 ""@0/false:None ""@1/true:None "a"@0/false:None "a"@1/true:None "ab"@0/false:None "ab"@1/true:None "abb"@0/false:None "abb"@1/true:None "abbb"@0/false:None "abbb"@1/true:None "aaa"@0/false:None "aaa"@1/true:None "aaaa"@0/false:None "aaaa"@1/true:None "aab"@0/false:Some((0..3, [None])) "aab"@1/true:None "aabab"@0/false:Some((0..5, [Some(2..3)])) "aabab"@1/true:Some((1..5, [Some(2..3)])) "xaab"@0/false:Some((1..4, [None])) "xaab"@1/true:Some((1..4, [None])) "xay"@0/false:None "xay"@1/true:None "xy"@0/false:None "xy"@1/true:None "12x"@0/false:None "12x"@1/true:None "a12x"@0/false:None "a12x"@1/true:None "ΜAA"@0/false:None "ΜAA"@1/true:None "x\n"@0/false:None "x\n"@1/true:None "abc"@0/false:None "abc"@1/true:None
"a([ab])*ab" i=false s=true captures=1 ""@0/false:None ""@1/true:None "a"@0/false:None "a"@1/true:None "ab"@0/false:None "ab"@1/true:None "abb"@0/false:None "abb"@1/true:None "abbb"@0/false:None "abbb"@1/true:None "aaa"@0/false:None "aaa"@1/true:None "aaaa"@0/false:None "aaaa"@1/true:None "aab"@0/false:Some((0..3, [None])) "aab"@1/true:None "aabab"@0/false:Some((0..5, [Some(2..3)])) "aabab"@1/true:Some((1..5, [Some(2..3)])) "xaab"@0/false:Some((1..4, [None])) "xaab"@1/true:Some((1..4, [None])) "xay"@0/false:None "xay"@1/true:None "xy"@0/false:None "xy"@1/true:None "12x"@0/false:None "12x"@1/true:None "a12x"@0/false:None "a12x"@1/true:None "ΜAA"@0/false:None "ΜAA"@1/true:None "x\n"@0/false:None "x\n"@1/true:None "abc"@0/false:None "abc"@1/true:None
"a([ab])*?ab" i=false s=false captures=1 ""@0/false:None ""@1/true:None "a"@0/false:None "a"@1/true:None "ab"@0/false:None "ab"@1/true:None "abb"@0/false:None "abb"@1/true:None "abbb"@0/false:None "abbb"@1/true:None "aaa"@0/false:None "aaa"@1/true:None "aaaa"@0/false:None "aaaa"@1/true:None "aab"@0/false:Some((0..3, [None])) "aab"@1/true:None "aabab"@0/false:Some((0..3, [None])) "aabab"@1/true:Some((1..5, [Some(2..3)])) "xaab"@0/false:Some((1..4, [None])) "xaab"@1/true:Some((1..4, [None])) "xay"@0/false:None "xay"@1/true:None "xy"@0/false:None "xy"@1/true:None "12x"@0/false:None "12x"@1/true:None "a12x"@0/false:None "a12x"@1/true:None "ΜAA"@0/false:None "ΜAA"@1/true:None "x\n"@0/false:None "x\n"@1/true:None "abc"@0/false:None "abc"@1/true:None
"a([ab])*?ab" i=true s=false captures=1 ""@0/false:None ""@1/true:None "a"@0/false:None "a"@1/true:None "ab"@0/false:None "ab"@1/true:None "abb"@0/false:None "abb"@1/true:None "abbb"@0/false:None "abbb"@1/true:None "aaa"@0/false:None "aaa"@1/true:None "aaaa"@0/false:None "aaaa"@1/true:None "aab"@0/false:Some((0..3, [None])) "aab"@1/true:None "aabab"@0/false:Some((0..3, [None])) "aabab"@1/true:Some((1..5, [Some(2..3)])) "xaab"@0/false:Some((1..4, [None])) "xaab"@1/true:Some((1..4, [None])) "xay"@0/false:None "xay"@1/true:None "xy"@0/false:None "xy"@1/true:None "12x"@0/false:None "12x"@1/true:None "a12x"@0/false:None "a12x"@1/true:None "ΜAA"@0/false:None "ΜAA"@1/true:None "x\n"@0/false:None "x\n"@1/true:None "abc"@0/false:None "abc"@1/true:None
"a([ab])*?ab" i=false s=true captures=1 ""@0/false:None ""@1/true:None "a"@0/false:None "a"@1/true:None "ab"@0/false:None "ab"@1/true:None "abb"@0/false:None "abb"@1/true:None "abbb"@0/false:None "abbb"@1/true:None "aaa"@0/false:None "aaa"@1/true:None "aaaa"@0/false:None "aaaa"@1/true:None "aab"@0/false:Some((0..3, [None])) "aab"@1/true:None "aabab"@0/false:Some((0..3, [None])) "aabab"@1/true:Some((1..5, [Some(2..3)])) "xaab"@0/false:Some((1..4, [None])) "xaab"@1/true:Some((1..4, [None])) "xay"@0/false:None "xay"@1/true:None "xy"@0/false:None "xy"@1/true:None "12x"@0/false:None "12x"@1/true:None "a12x"@0/false:None "a12x"@1/true:None "ΜAA"@0/false:None "ΜAA"@1/true:None "x\n"@0/false:None "x\n"@1/true:None "abc"@0/false:None "abc"@1/true:None
"x(a)+(b)" i=false s=false captures=2 ""@0/false:None ""@1/true:None "a"@0/false:None "a"@1/true:None "ab"@0/false:None "ab"@1/true:None "abb"@0/false:None "abb"@1/true:None "abbb"@0/false:None "abbb"@1/true:None "aaa"@0/false:None "aaa"@1/true:None "aaaa"@0/false:None "aaaa"@1/true:None "aab"@0/false:None "aab"@1/true:None "aabab"@0/false:None "aabab"@1/true:None "xaab"@0/false:Some((0..4, [Some(2..3), Some(3..4)])) "xaab"@1/true:None "xay"@0/false:None "xay"@1/true:None "xy"@0/false:None "xy"@1/true:None "12x"@0/false:None "12x"@1/true:None "a12x"@0/false:None "a12x"@1/true:None "ΜAA"@0/false:None "ΜAA"@1/true:None "x\n"@0/false:None "x\n"@1/true:None "abc"@0/false:None "abc"@1/true:None
"x(a)+(b)" i=true s=false captures=2 ""@0/false:None ""@1/true:None "a"@0/false:None "a"@1/true:None "ab"@0/false:None "ab"@1/true:None "abb"@0/false:None "abb"@1/true:None "abbb"@0/false:None "abbb"@1/true:None "aaa"@0/false:None "aaa"@1/true:None "aaaa"@0/false:None "aaaa"@1/true:None "aab"@0/false:None "aab"@1/true:None "aabab"@0/false:None "aabab"@1/true:None "xaab"@0/false:Some((0..4, [Some(2..3), Some(3..4)])) "xaab"@1/true:None "xay"@0/false:None "xay"@1/true:None "xy"@0/false:None "xy"@1/true:None "12x"@0/false:None "12x"@1/true:None "a12x"@0/false:None "a12x"@1/true:None "ΜAA"@0/false:None "ΜAA"@1/true:None "x\n"@0/false:None "x\n"@1/true:None "abc"@0/false:None "abc"@1/true:None
"x(a)+(b)" i=false s=true captures=2 ""@0/false:None ""@1/true:None "a"@0/false:None "a"@1/true:None "ab"@0/false:None "ab"@1/true:None "abb"@0/false:None "abb"@1/true:None "abbb"@0/false:None "abbb"@1/true:None "aaa"@0/false:None "aaa"@1/true:None "aaaa"@0/false:None "aaaa"@1/true:None "aab"@0/false:None "aab"@1/true:None "aabab"@0/false:None "aabab"@1/true:None "xaab"@0/false:Some((0..4, [Some(2..3), Some(3..4)])) "xaab"@1/true:None "xay"@0/false:None "xay"@1/true:None "xy"@0/false:None "xy"@1/true:None "12x"@0/false:None "12x"@1/true:None "a12x"@0/false:None "a12x"@1/true:None "ΜAA"@0/false:None "ΜAA"@1/true:None "x\n"@0/false:None "x\n"@1/true:None "abc"@0/false:None "abc"@1/true:None
"a((a)+)b" i=false s=false captures=2 ""@0/false:None ""@1/true:None "a"@0/false:None "a"@1/true:None "ab"@0/false:None "ab"@1/true:None "abb"@0/false:None "abb"@1/true:None "abbb"@0/false:None "abbb"@1/true:None "aaa"@0/false:None "aaa"@1/true:None "aaaa"@0/false:None "aaaa"@1/true:None "aab"@0/false:Some((0..3, [Some(1..2), Some(1..2)])) "aab"@1/true:None "aabab"@0/false:Some((0..3, [Some(1..2), Some(1..2)])) "aabab"@1/true:None "xaab"@0/false:Some((1..4, [Some(2..3), Some(2..3)])) "xaab"@1/true:Some((1..4, [Some(2..3), Some(2..3)])) "xay"@0/false:None "xay"@1/true:None "xy"@0/false:None "xy"@1/true:None "12x"@0/false:None "12x"@1/true:None "a12x"@0/false:None "a12x"@1/true:None "ΜAA"@0/false:None "ΜAA"@1/true:None "x\n"@0/false:None "x\n"@1/true:None "abc"@0/false:None "abc"@1/true:None
"a((a)+)b" i=true s=false captures=2 ""@0/false:None ""@1/true:None "a"@0/false:None "a"@1/true:None "ab"@0/false:None "ab"@1/true:None "abb"@0/false:None "abb"@1/true:None "abbb"@0/false:None "abbb"@1/true:None "aaa"@0/false:None "aaa"@1/true:None "aaaa"@0/false:None "aaaa"@1/true:None "aab"@0/false:Some((0..3, [Some(1..2), Some(1..2)])) "aab"@1/true:None "aabab"@0/false:Some((0..3, [Some(1..2), Some(1..2)])) "aabab"@1/true:None "xaab"@0/false:Some((1..4, [Some(2..3), Some(2..3)])) "xaab"@1/true:Some((1..4, [Some(2..3), Some(2..3)])) "xay"@0/false:None "xay"@1/true:None "xy"@0/false:None "xy"@1/true:None "12x"@0/false:None "12x"@1/true:None "a12x"@0/false:None "a12x"@1/true:None "ΜAA"@0/false:None "ΜAA"@1/true:None "x\n"@0/false:None "x\n"@1/true:None "abc"@0/false:None "abc"@1/true:None
"a((a)+)b" i=false s=true captures=2 ""@0/false:None ""@1/true:None "a"@0/false:None "a"@1/true:None "ab"@0/false:None "ab"@1/true:None "abb"@0/false:None "abb"@1/true:None "abbb"@0/false:None "abbb"@1/true:None "aaa"@0/false:None "aaa"@1/true:None "aaaa"@0/false:None "aaaa"@1/true:None "aab"@0/false:Some((0..3, [Some(1..2), Some(1..2)])) "aab"@1/true:None "aabab"@0/false:Some((0..3, [Some(1..2), Some(1..2)])) "aabab"@1/true:None "xaab"@0/false:Some((1..4, [Some(2..3), Some(2..3)])) "xaab"@1/true:Some((1..4, [Some(2..3), Some(2..3)])) "xay"@0/false:None "xay"@1/true:None "xy"@0/false:None "xy"@1/true:None "12x"@0/false:None "12x"@1/true:None "a12x"@0/false:None "a12x"@1/true:None "ΜAA"@0/false:None "ΜAA"@1/true:None "x\n"@0/false:None "x\n"@1/true:None "abc"@0/false:None "abc"@1/true:None
"x(a*)y" i=false s=false captures=1 ""@0/false:None ""@1/true:None "a"@0/false:None "a"@1/true:None "ab"@0/false:None "ab"@1/true:None "abb"@0/false:None "abb"@1/true:None "abbb"@0/false:None "abbb"@1/true:None "aaa"@0/false:None "aaa"@1/true:None "aaaa"@0/false:None "aaaa"@1/true:None "aab"@0/false:None "aab"@1/true:None "aabab"@0/false:None "aabab"@1/true:None "xaab"@0/false:None "xaab"@1/true:None "xay"@0/false:Some((0..3, [Some(1..2)])) "xay"@1/true:None "xy"@0/false:Some((0..2, [Some(1..1)])) "xy"@1/true:None "12x"@0/false:None "12x"@1/true:None "a12x"@0/false:None "a12x"@1/true:None "ΜAA"@0/false:None "ΜAA"@1/true:None "x\n"@0/false:None "x\n"@1/true:None "abc"@0/false:None "abc"@1/true:None
"x(a*)y" i=true s=false captures=1 ""@0/false:None ""@1/true:None "a"@0/false:None "a"@1/true:None "ab"@0/false:None "ab"@1/true:None "abb"@0/false:None "abb"@1/true:None "abbb"@0/false:None "abbb"@1/true:None "aaa"@0/false:None "aaa"@1/true:None "aaaa"@0/false:None "aaaa"@1/true:None "aab"@0/false:None "aab"@1/true:None "aabab"@0/false:None "aabab"@1/true:None "xaab"@0/false:None "xaab"@1/true:None "xay"@0/false:Some((0..3, [Some(1..2)])) "xay"@1/true:None "xy"@0/false:Some((0..2, [Some(1..1)])) "xy"@1/true:None "12x"@0/false:None "12x"@1/true:None "a12x"@0/false:None "a12x"@1/true:None "ΜAA"@0/false:None "ΜAA"@1/true:None "x\n"@0/false:None "x\n"@1/true:None "abc"@0/false:None "abc"@1/true:None
"x(a*)y" i=false s=true captures=1 ""@0/false:None ""@1/true:None "a"@0/false:None "a"@1/true:None "ab"@0/false:None "ab"@1/true:None "abb"@0/false:None "abb"@1/true:None "abbb"@0/false:None "abbb"@1/true:None "aaa"@0/false:None "aaa"@1/true:None "aaaa"@0/false:None "aaaa"@1/true:None "aab"@0/false:None "aab"@1/true:None "aabab"@0/false:None "aabab"@1/true:None "xaab"@0/false:None "xaab"@1/true:None "xay"@0/false:Some((0..3, [Some(1..2)])) "xay"@1/true:None "xy"@0/false:Some((0..2, [Some(1..1)])) "xy"@1/true:None "12x"@0/false:None "12x"@1/true:None "a12x"@0/false:None "a12x"@1/true:None "ΜAA"@0/false:None "ΜAA"@1/true:None "x\n"@0/false:None "x\n"@1/true:None "abc"@0/false:None "abc"@1/true:None
"x(a)*y" i=false s=false captures=1 ""@0/false:None ""@1/true:None "a"@0/false:None "a"@1/true:None "ab"@0/false:None "ab"@1/true:None "abb"@0/false:None "abb"@1/true:None "abbb"@0/false:None "abbb"@1/true:None "aaa"@0/false:None "aaa"@1/true:None "aaaa"@0/false:None "aaaa"@1/true:None "aab"@0/false:None "aab"@1/true:None "aabab"@0/false:None "aabab"@1/true:None "xaab"@0/false:None "xaab"@1/true:None "xay"@0/false:Some((0..3, [Some(1..2)])) "xay"@1/true:None "xy"@0/false:Some((0..2, [None])) "xy"@1/true:None "12x"@0/false:None "12x"@1/true:None "a12x"@0/false:None "a12x"@1/true:None "ΜAA"@0/false:None "ΜAA"@1/true:None "x\n"@0/false:None "x\n"@1/true:None "abc"@0/false:None "abc"@1/true:None
"x(a)*y" i=true s=false captures=1 ""@0/false:None ""@1/true:None "a"@0/false:None "a"@1/true:None "ab"@0/false:None "ab"@1/true:None "abb"@0/false:None "abb"@1/true:None "abbb"@0/false:None "abbb"@1/true:None "aaa"@0/false:None "aaa"@1/true:None "aaaa"@0/false:None "aaaa"@1/true:None "aab"@0/false:None "aab"@1/true:None "aabab"@0/false:None "aabab"@1/true:None "xaab"@0/false:None "xaab"@1/true:None "xay"@0/false:Some((0..3, [Some(1..2)])) "xay"@1/true:None "xy"@0/false:Some((0..2, [None])) "xy"@1/true:None "12x"@0/false:None "12x"@1/true:None "a12x"@0/false:None "a12x"@1/true:None "ΜAA"@0/false:None "ΜAA"@1/true:None "x\n"@0/false:None "x\n"@1/true:None "abc"@0/false:None "abc"@1/true:None
"x(a)*y" i=false s=true captures=1 ""@0/false:None ""@1/true:None "a"@0/false:None "a"@1/true:None "ab"@0/false:None "ab"@1/true:None "abb"@0/false:None "abb"@1/true:None "abbb"@0/false:None "abbb"@1/true:None "aaa"@0/false:None "aaa"@1/true:None "aaaa"@0/false:None "aaaa"@1/true:None "aab"@0/false:None "aab"@1/true:None "aabab"@0/false:None "aabab"@1/true:None "xaab"@0/false:None "xaab"@1/true:None "xay"@0/false:Some((0..3, [Some(1..2)])) "xay"@1/true:None "xy"@0/false:Some((0..2, [None])) "xy"@1/true:None "12x"@0/false:None "12x"@1/true:None "a12x"@0/false:None "a12x"@1/true:None "ΜAA"@0/false:None "ΜAA"@1/true:None "x\n"@0/false:None "x\n"@1/true:None "abc"@0/false:None "abc"@1/true:None
"a\\d+x" i=false s=false captures=0 ""@0/false:None ""@1/true:None "a"@0/false:None "a"@1/true:None "ab"@0/false:None "ab"@1/true:None "abb"@0/false:None "abb"@1/true:None "abbb"@0/false:None "abbb"@1/true:None "aaa"@0/false:None "aaa"@1/true:None "aaaa"@0/false:None "aaaa"@1/true:None "aab"@0/false:None "aab"@1/true:None "aabab"@0/false:None "aabab"@1/true:None "xaab"@0/false:None "xaab"@1/true:None "xay"@0/false:None "xay"@1/true:None "xy"@0/false:None "xy"@1/true:None "12x"@0/false:None "12x"@1/true:None "a12x"@0/false:Some((0..4, [])) "a12x"@1/true:None "ΜAA"@0/false:None "ΜAA"@1/true:None "x\n"@0/false:None "x\n"@1/true:None "abc"@0/false:None "abc"@1/true:None
"a\\d+x" i=true s=false captures=0 ""@0/false:None ""@1/true:None "a"@0/false:None "a"@1/true:None "ab"@0/false:None "ab"@1/true:None "abb"@0/false:None "abb"@1/true:None "abbb"@0/false:None "abbb"@1/true:None "aaa"@0/false:None "aaa"@1/true:None "aaaa"@0/false:None "aaaa"@1/true:None "aab"@0/false:None "aab"@1/true:None "aabab"@0/false:None "aabab"@1/true:None "xaab"@0/false:None "xaab"@1/true:None "xay"@0/false:None "xay"@1/true:None "xy"@0/false:None "xy"@1/true:None "12x"@0/false:None "12x"@1/true:None "a12x"@0/false:Some((0..4, [])) "a12x"@1/true:None "ΜAA"@0/false:None "ΜAA"@1/true:None "x\n"@0/false:None "x\n"@1/true:None "abc"@0/false:None "abc"@1/true:None
"a\\d+x" i=false s=true captures=0 ""@0/false:None ""@1/true:None "a"@0/false:None "a"@1/true:None "ab"@0/false:None "ab"@1/true:None "abb"@0/false:None "abb"@1/true:None "abbb"@0/false:None "abbb"@1/true:None "aaa"@0/false:None "aaa"@1/true:None "aaaa"@0/false:None "aaaa"@1/true:None "aab"@0/false:None "aab"@1/true:None "aabab"@0/false:None "aabab"@1/true:None "xaab"@0/false:None "xaab"@1/true:None "xay"@0/false:None "xay"@1/true:None "xy"@0/false:None "xy"@1/true:None "12x"@0/false:None "12x"@1/true:None "a12x"@0/false:Some((0..4, [])) "a12x"@1/true:None "ΜAA"@0/false:None "ΜAA"@1/true:None "x\n"@0/false:None "x\n"@1/true:None "abc"@0/false:None "abc"@1/true:None
"\\u0061b+" i=false s=false captures=0 ""@0/false:None ""@1/true:None "a"@0/false:None "a"@1/true:None "ab"@0/false:Some((0..2, [])) "ab"@1/true:None "abb"@0/false:Some((0..3, [])) "abb"@1/true:None "abbb"@0/false:Some((0..4, [])) "abbb"@1/true:None "aaa"@0/false:None "aaa"@1/true:None "aaaa"@0/false:None "aaaa"@1/true:None "aab"@0/false:Some((1..3, [])) "aab"@1/true:Some((1..3, [])) "aabab"@0/false:Some((1..3, [])) "aabab"@1/true:Some((1..3, [])) "xaab"@0/false:Some((2..4, [])) "xaab"@1/true:None "xay"@0/false:None "xay"@1/true:None "xy"@0/false:None "xy"@1/true:None "12x"@0/false:None "12x"@1/true:None "a12x"@0/false:None "a12x"@1/true:None "ΜAA"@0/false:None "ΜAA"@1/true:None "x\n"@0/false:None "x\n"@1/true:None "abc"@0/false:Some((0..2, [])) "abc"@1/true:None
"\\u0061b+" i=true s=false captures=0 ""@0/false:None ""@1/true:None "a"@0/false:None "a"@1/true:None "ab"@0/false:Some((0..2, [])) "ab"@1/true:None "abb"@0/false:Some((0..3, [])) "abb"@1/true:None "abbb"@0/false:Some((0..4, [])) "abbb"@1/true:None "aaa"@0/false:None "aaa"@1/true:None "aaaa"@0/false:None "aaaa"@1/true:None "aab"@0/false:Some((1..3, [])) "aab"@1/true:Some((1..3, [])) "aabab"@0/false:Some((1..3, [])) "aabab"@1/true:Some((1..3, [])) "xaab"@0/false:Some((2..4, [])) "xaab"@1/true:None "xay"@0/false:None "xay"@1/true:None "xy"@0/false:None "xy"@1/true:None "12x"@0/false:None "12x"@1/true:None "a12x"@0/false:None "a12x"@1/true:None "ΜAA"@0/false:None "ΜAA"@1/true:None "x\n"@0/false:None "x\n"@1/true:None "abc"@0/false:Some((0..2, [])) "abc"@1/true:None
"\\u0061b+" i=false s=true captures=0 ""@0/false:None ""@1/true:None "a"@0/false:None "a"@1/true:None "ab"@0/false:Some((0..2, [])) "ab"@1/true:None "abb"@0/false:Some((0..3, [])) "abb"@1/true:None "abbb"@0/false:Some((0..4, [])) "abbb"@1/true:None "aaa"@0/false:None "aaa"@1/true:None "aaaa"@0/false:None "aaaa"@1/true:None "aab"@0/false:Some((1..3, [])) "aab"@1/true:Some((1..3, [])) "aabab"@0/false:Some((1..3, [])) "aabab"@1/true:Some((1..3, [])) "xaab"@0/false:Some((2..4, [])) "xaab"@1/true:None "xay"@0/false:None "xay"@1/true:None "xy"@0/false:None "xy"@1/true:None "12x"@0/false:None "12x"@1/true:None "a12x"@0/false:None "a12x"@1/true:None "ΜAA"@0/false:None "ΜAA"@1/true:None "x\n"@0/false:None "x\n"@1/true:None "abc"@0/false:Some((0..2, [])) "abc"@1/true:None
"a\\u0062+" i=false s=false captures=0 ""@0/false:None ""@1/true:None "a"@0/false:None "a"@1/true:None "ab"@0/false:Some((0..2, [])) "ab"@1/true:None "abb"@0/false:Some((0..3, [])) "abb"@1/true:None "abbb"@0/false:Some((0..4, [])) "abbb"@1/true:None "aaa"@0/false:None "aaa"@1/true:None "aaaa"@0/false:None "aaaa"@1/true:None "aab"@0/false:Some((1..3, [])) "aab"@1/true:Some((1..3, [])) "aabab"@0/false:Some((1..3, [])) "aabab"@1/true:Some((1..3, [])) "xaab"@0/false:Some((2..4, [])) "xaab"@1/true:None "xay"@0/false:None "xay"@1/true:None "xy"@0/false:None "xy"@1/true:None "12x"@0/false:None "12x"@1/true:None "a12x"@0/false:None "a12x"@1/true:None "ΜAA"@0/false:None "ΜAA"@1/true:None "x\n"@0/false:None "x\n"@1/true:None "abc"@0/false:Some((0..2, [])) "abc"@1/true:None
"a\\u0062+" i=true s=false captures=0 ""@0/false:None ""@1/true:None "a"@0/false:None "a"@1/true:None "ab"@0/false:Some((0..2, [])) "ab"@1/true:None "abb"@0/false:Some((0..3, [])) "abb"@1/true:None "abbb"@0/false:Some((0..4, [])) "abbb"@1/true:None "aaa"@0/false:None "aaa"@1/true:None "aaaa"@0/false:None "aaaa"@1/true:None "aab"@0/false:Some((1..3, [])) "aab"@1/true:Some((1..3, [])) "aabab"@0/false:Some((1..3, [])) "aabab"@1/true:Some((1..3, [])) "xaab"@0/false:Some((2..4, [])) "xaab"@1/true:None "xay"@0/false:None "xay"@1/true:None "xy"@0/false:None "xy"@1/true:None "12x"@0/false:None "12x"@1/true:None "a12x"@0/false:None "a12x"@1/true:None "ΜAA"@0/false:None "ΜAA"@1/true:None "x\n"@0/false:None "x\n"@1/true:None "abc"@0/false:Some((0..2, [])) "abc"@1/true:None
"a\\u0062+" i=false s=true captures=0 ""@0/false:None ""@1/true:None "a"@0/false:None "a"@1/true:None "ab"@0/false:Some((0..2, [])) "ab"@1/true:None "abb"@0/false:Some((0..3, [])) "abb"@1/true:None "abbb"@0/false:Some((0..4, [])) "abbb"@1/true:None "aaa"@0/false:None "aaa"@1/true:None "aaaa"@0/false:None "aaaa"@1/true:None "aab"@0/false:Some((1..3, [])) "aab"@1/true:Some((1..3, [])) "aabab"@0/false:Some((1..3, [])) "aabab"@1/true:Some((1..3, [])) "xaab"@0/false:Some((2..4, [])) "xaab"@1/true:None "xay"@0/false:None "xay"@1/true:None "xy"@0/false:None "xy"@1/true:None "12x"@0/false:None "12x"@1/true:None "a12x"@0/false:None "a12x"@1/true:None "ΜAA"@0/false:None "ΜAA"@1/true:None "x\n"@0/false:None "x\n"@1/true:None "abc"@0/false:Some((0..2, [])) "abc"@1/true:None
"µa+" i=false s=false captures=0 ""@0/false:None ""@1/true:None "a"@0/false:None "a"@1/true:None "ab"@0/false:None "ab"@1/true:None "abb"@0/false:None "abb"@1/true:None "abbb"@0/false:None "abbb"@1/true:None "aaa"@0/false:None "aaa"@1/true:None "aaaa"@0/false:None "aaaa"@1/true:None "aab"@0/false:None "aab"@1/true:None "aabab"@0/false:None "aabab"@1/true:None "xaab"@0/false:None "xaab"@1/true:None "xay"@0/false:None "xay"@1/true:None "xy"@0/false:None "xy"@1/true:None "12x"@0/false:None "12x"@1/true:None "a12x"@0/false:None "a12x"@1/true:None "ΜAA"@0/false:None "ΜAA"@1/true:None "x\n"@0/false:None "x\n"@1/true:None "abc"@0/false:None "abc"@1/true:None
"µa+" i=true s=false captures=0 ""@0/false:None ""@1/true:None "a"@0/false:None "a"@1/true:None "ab"@0/false:None "ab"@1/true:None "abb"@0/false:None "abb"@1/true:None "abbb"@0/false:None "abbb"@1/true:None "aaa"@0/false:None "aaa"@1/true:None "aaaa"@0/false:None "aaaa"@1/true:None "aab"@0/false:None "aab"@1/true:None "aabab"@0/false:None "aabab"@1/true:None "xaab"@0/false:None "xaab"@1/true:None "xay"@0/false:None "xay"@1/true:None "xy"@0/false:None "xy"@1/true:None "12x"@0/false:None "12x"@1/true:None "a12x"@0/false:None "a12x"@1/true:None "ΜAA"@0/false:Some((0..3, [])) "ΜAA"@1/true:None "x\n"@0/false:None "x\n"@1/true:None "abc"@0/false:None "abc"@1/true:None
"µa+" i=false s=true captures=0 ""@0/false:None ""@1/true:None "a"@0/false:None "a"@1/true:None "ab"@0/false:None "ab"@1/true:None "abb"@0/false:None "abb"@1/true:None "abbb"@0/false:None "abbb"@1/true:None "aaa"@0/false:None "aaa"@1/true:None "aaaa"@0/false:None "aaaa"@1/true:None "aab"@0/false:None "aab"@1/true:None "aabab"@0/false:None "aabab"@1/true:None "xaab"@0/false:None "xaab"@1/true:None "xay"@0/false:None "xay"@1/true:None "xy"@0/false:None "xy"@1/true:None "12x"@0/false:None "12x"@1/true:None "a12x"@0/false:None "a12x"@1/true:None "ΜAA"@0/false:None "ΜAA"@1/true:None "x\n"@0/false:None "x\n"@1/true:None "abc"@0/false:None "abc"@1/true:None
"x(.)+" i=false s=false captures=1 ""@0/false:None ""@1/true:None "a"@0/false:None "a"@1/true:None "ab"@0/false:None "ab"@1/true:None "abb"@0/false:None "abb"@1/true:None "abbb"@0/false:None "abbb"@1/true:None "aaa"@0/false:None "aaa"@1/true:None "aaaa"@0/false:None "aaaa"@1/true:None "aab"@0/false:None "aab"@1/true:None "aabab"@0/false:None "aabab"@1/true:None "xaab"@0/false:Some((0..4, [Some(3..4)])) "xaab"@1/true:None "xay"@0/false:Some((0..3, [Some(2..3)])) "xay"@1/true:None "xy"@0/false:Some((0..2, [Some(1..2)])) "xy"@1/true:None "12x"@0/false:None "12x"@1/true:None "a12x"@0/false:None "a12x"@1/true:None "ΜAA"@0/false:None "ΜAA"@1/true:None "x\n"@0/false:None "x\n"@1/true:None "abc"@0/false:None "abc"@1/true:None
"x(.)+" i=true s=false captures=1 ""@0/false:None ""@1/true:None "a"@0/false:None "a"@1/true:None "ab"@0/false:None "ab"@1/true:None "abb"@0/false:None "abb"@1/true:None "abbb"@0/false:None "abbb"@1/true:None "aaa"@0/false:None "aaa"@1/true:None "aaaa"@0/false:None "aaaa"@1/true:None "aab"@0/false:None "aab"@1/true:None "aabab"@0/false:None "aabab"@1/true:None "xaab"@0/false:Some((0..4, [Some(3..4)])) "xaab"@1/true:None "xay"@0/false:Some((0..3, [Some(2..3)])) "xay"@1/true:None "xy"@0/false:Some((0..2, [Some(1..2)])) "xy"@1/true:None "12x"@0/false:None "12x"@1/true:None "a12x"@0/false:None "a12x"@1/true:None "ΜAA"@0/false:None "ΜAA"@1/true:None "x\n"@0/false:None "x\n"@1/true:None "abc"@0/false:None "abc"@1/true:None
"x(.)+" i=false s=true captures=1 ""@0/false:None ""@1/true:None "a"@0/false:None "a"@1/true:None "ab"@0/false:None "ab"@1/true:None "abb"@0/false:None "abb"@1/true:None "abbb"@0/false:None "abbb"@1/true:None "aaa"@0/false:None "aaa"@1/true:None "aaaa"@0/false:None "aaaa"@1/true:None "aab"@0/false:None "aab"@1/true:None "aabab"@0/false:None "aabab"@1/true:None "xaab"@0/false:Some((0..4, [Some(3..4)])) "xaab"@1/true:None "xay"@0/false:Some((0..3, [Some(2..3)])) "xay"@1/true:None "xy"@0/false:Some((0..2, [Some(1..2)])) "xy"@1/true:None "12x"@0/false:None "12x"@1/true:None "a12x"@0/false:None "a12x"@1/true:None "ΜAA"@0/false:None "ΜAA"@1/true:None "x\n"@0/false:Some((0..2, [Some(1..2)])) "x\n"@1/true:None "abc"@0/false:None "abc"@1/true:None
"x(.)*" i=false s=false captures=1 ""@0/false:None ""@1/true:None "a"@0/false:None "a"@1/true:None "ab"@0/false:None "ab"@1/true:None "abb"@0/false:None "abb"@1/true:None "abbb"@0/false:None "abbb"@1/true:None "aaa"@0/false:None "aaa"@1/true:None "aaaa"@0/false:None "aaaa"@1/true:None "aab"@0/false:None "aab"@1/true:None "aabab"@0/false:None "aabab"@1/true:None "xaab"@0/false:Some((0..4, [Some(3..4)])) "xaab"@1/true:None "xay"@0/false:Some((0..3, [Some(2..3)])) "xay"@1/true:None "xy"@0/false:Some((0..2, [Some(1..2)])) "xy"@1/true:None "12x"@0/false:Some((2..3, [None])) "12x"@1/true:None "a12x"@0/false:Some((3..4, [None])) "a12x"@1/true:None "ΜAA"@0/false:None "ΜAA"@1/true:None "x\n"@0/false:Some((0..1, [None])) "x\n"@1/true:None "abc"@0/false:None "abc"@1/true:None
"x(.)*" i=true s=false captures=1 ""@0/false:None ""@1/true:None "a"@0/false:None "a"@1/true:None "ab"@0/false:None "ab"@1/true:None "abb"@0/false:None "abb"@1/true:None "abbb"@0/false:None "abbb"@1/true:None "aaa"@0/false:None "aaa"@1/true:None "aaaa"@0/false:None "aaaa"@1/true:None "aab"@0/false:None "aab"@1/true:None "aabab"@0/false:None "aabab"@1/true:None "xaab"@0/false:Some((0..4, [Some(3..4)])) "xaab"@1/true:None "xay"@0/false:Some((0..3, [Some(2..3)])) "xay"@1/true:None "xy"@0/false:Some((0..2, [Some(1..2)])) "xy"@1/true:None "12x"@0/false:Some((2..3, [None])) "12x"@1/true:None "a12x"@0/false:Some((3..4, [None])) "a12x"@1/true:None "ΜAA"@0/false:None "ΜAA"@1/true:None "x\n"@0/false:Some((0..1, [None])) "x\n"@1/true:None "abc"@0/false:None "abc"@1/true:None
"x(.)*" i=false s=true captures=1 ""@0/false:None ""@1/true:None "a"@0/false:None "a"@1/true:None "ab"@0/false:None "ab"@1/true:None "abb"@0/false:None "abb"@1/true:None "abbb"@0/false:None "abbb"@1/true:None "aaa"@0/false:None "aaa"@1/true:None "aaaa"@0/false:None "aaaa"@1/true:None "aab"@0/false:None "aab"@1/true:None "aabab"@0/false:None "aabab"@1/true:None "xaab"@0/false:Some((0..4, [Some(3..4)])) "xaab"@1/true:None "xay"@0/false:Some((0..3, [Some(2..3)])) "xay"@1/true:None "xy"@0/false:Some((0..2, [Some(1..2)])) "xy"@1/true:None "12x"@0/false:Some((2..3, [None])) "12x"@1/true:None "a12x"@0/false:Some((3..4, [None])) "a12x"@1/true:None "ΜAA"@0/false:None "ΜAA"@1/true:None "x\n"@0/false:Some((0..2, [Some(1..2)])) "x\n"@1/true:None "abc"@0/false:None "abc"@1/true:None
"a[^]+" i=false s=false captures=0 ""@0/false:None ""@1/true:None "a"@0/false:None "a"@1/true:None "ab"@0/false:Some((0..2, [])) "ab"@1/true:None "abb"@0/false:Some((0..3, [])) "abb"@1/true:None "abbb"@0/false:Some((0..4, [])) "abbb"@1/true:None "aaa"@0/false:Some((0..3, [])) "aaa"@1/true:Some((1..3, [])) "aaaa"@0/false:Some((0..4, [])) "aaaa"@1/true:Some((1..4, [])) "aab"@0/false:Some((0..3, [])) "aab"@1/true:Some((1..3, [])) "aabab"@0/false:Some((0..5, [])) "aabab"@1/true:Some((1..5, [])) "xaab"@0/false:Some((1..4, [])) "xaab"@1/true:Some((1..4, [])) "xay"@0/false:Some((1..3, [])) "xay"@1/true:Some((1..3, [])) "xy"@0/false:None "xy"@1/true:None "12x"@0/false:None "12x"@1/true:None "a12x"@0/false:Some((0..4, [])) "a12x"@1/true:None "ΜAA"@0/false:None "ΜAA"@1/true:None "x\n"@0/false:None "x\n"@1/true:None "abc"@0/false:Some((0..3, [])) "abc"@1/true:None
"a[^]+" i=true s=false captures=0 ""@0/false:None ""@1/true:None "a"@0/false:None "a"@1/true:None "ab"@0/false:Some((0..2, [])) "ab"@1/true:None "abb"@0/false:Some((0..3, [])) "abb"@1/true:None "abbb"@0/false:Some((0..4, [])) "abbb"@1/true:None "aaa"@0/false:Some((0..3, [])) "aaa"@1/true:Some((1..3, [])) "aaaa"@0/false:Some((0..4, [])) "aaaa"@1/true:Some((1..4, [])) "aab"@0/false:Some((0..3, [])) "aab"@1/true:Some((1..3, [])) "aabab"@0/false:Some((0..5, [])) "aabab"@1/true:Some((1..5, [])) "xaab"@0/false:Some((1..4, [])) "xaab"@1/true:Some((1..4, [])) "xay"@0/false:Some((1..3, [])) "xay"@1/true:Some((1..3, [])) "xy"@0/false:None "xy"@1/true:None "12x"@0/false:None "12x"@1/true:None "a12x"@0/false:Some((0..4, [])) "a12x"@1/true:None "ΜAA"@0/false:Some((1..3, [])) "ΜAA"@1/true:Some((1..3, [])) "x\n"@0/false:None "x\n"@1/true:None "abc"@0/false:Some((0..3, [])) "abc"@1/true:None
"a[^]+" i=false s=true captures=0 ""@0/false:None ""@1/true:None "a"@0/false:None "a"@1/true:None "ab"@0/false:Some((0..2, [])) "ab"@1/true:None "abb"@0/false:Some((0..3, [])) "abb"@1/true:None "abbb"@0/false:Some((0..4, [])) "abbb"@1/true:None "aaa"@0/false:Some((0..3, [])) "aaa"@1/true:Some((1..3, [])) "aaaa"@0/false:Some((0..4, [])) "aaaa"@1/true:Some((1..4, [])) "aab"@0/false:Some((0..3, [])) "aab"@1/true:Some((1..3, [])) "aabab"@0/false:Some((0..5, [])) "aabab"@1/true:Some((1..5, [])) "xaab"@0/false:Some((1..4, [])) "xaab"@1/true:Some((1..4, [])) "xay"@0/false:Some((1..3, [])) "xay"@1/true:Some((1..3, [])) "xy"@0/false:None "xy"@1/true:None "12x"@0/false:None "12x"@1/true:None "a12x"@0/false:Some((0..4, [])) "a12x"@1/true:None "ΜAA"@0/false:None "ΜAA"@1/true:None "x\n"@0/false:None "x\n"@1/true:None "abc"@0/false:Some((0..3, [])) "abc"@1/true:None
"a[]*" i=false s=false captures=0 ""@0/false:None ""@1/true:None "a"@0/false:Some((0..1, [])) "a"@1/true:None "ab"@0/false:Some((0..1, [])) "ab"@1/true:None "abb"@0/false:Some((0..1, [])) "abb"@1/true:None "abbb"@0/false:Some((0..1, [])) "abbb"@1/true:None "aaa"@0/false:Some((0..1, [])) "aaa"@1/true:Some((1..2, [])) "aaaa"@0/false:Some((0..1, [])) "aaaa"@1/true:Some((1..2, [])) "aab"@0/false:Some((0..1, [])) "aab"@1/true:Some((1..2, [])) "aabab"@0/false:Some((0..1, [])) "aabab"@1/true:Some((1..2, [])) "xaab"@0/false:Some((1..2, [])) "xaab"@1/true:Some((1..2, [])) "xay"@0/false:Some((1..2, [])) "xay"@1/true:Some((1..2, [])) "xy"@0/false:None "xy"@1/true:None "12x"@0/false:None "12x"@1/true:None "a12x"@0/false:Some((0..1, [])) "a12x"@1/true:None "ΜAA"@0/false:None "ΜAA"@1/true:None "x\n"@0/false:None "x\n"@1/true:None "abc"@0/false:Some((0..1, [])) "abc"@1/true:None
"a[]*" i=true s=false captures=0 ""@0/false:None ""@1/true:None "a"@0/false:Some((0..1, [])) "a"@1/true:None "ab"@0/false:Some((0..1, [])) "ab"@1/true:None "abb"@0/false:Some((0..1, [])) "abb"@1/true:None "abbb"@0/false:Some((0..1, [])) "abbb"@1/true:None "aaa"@0/false:Some((0..1, [])) "aaa"@1/true:Some((1..2, [])) "aaaa"@0/false:Some((0..1, [])) "aaaa"@1/true:Some((1..2, [])) "aab"@0/false:Some((0..1, [])) "aab"@1/true:Some((1..2, [])) "aabab"@0/false:Some((0..1, [])) "aabab"@1/true:Some((1..2, [])) "xaab"@0/false:Some((1..2, [])) "xaab"@1/true:Some((1..2, [])) "xay"@0/false:Some((1..2, [])) "xay"@1/true:Some((1..2, [])) "xy"@0/false:None "xy"@1/true:None "12x"@0/false:None "12x"@1/true:None "a12x"@0/false:Some((0..1, [])) "a12x"@1/true:None "ΜAA"@0/false:Some((1..2, [])) "ΜAA"@1/true:Some((1..2, [])) "x\n"@0/false:None "x\n"@1/true:None "abc"@0/false:Some((0..1, [])) "abc"@1/true:None
"a[]*" i=false s=true captures=0 ""@0/false:None ""@1/true:None "a"@0/false:Some((0..1, [])) "a"@1/true:None "ab"@0/false:Some((0..1, [])) "ab"@1/true:None "abb"@0/false:Some((0..1, [])) "abb"@1/true:None "abbb"@0/false:Some((0..1, [])) "abbb"@1/true:None "aaa"@0/false:Some((0..1, [])) "aaa"@1/true:Some((1..2, [])) "aaaa"@0/false:Some((0..1, [])) "aaaa"@1/true:Some((1..2, [])) "aab"@0/false:Some((0..1, [])) "aab"@1/true:Some((1..2, [])) "aabab"@0/false:Some((0..1, [])) "aabab"@1/true:Some((1..2, [])) "xaab"@0/false:Some((1..2, [])) "xaab"@1/true:Some((1..2, [])) "xay"@0/false:Some((1..2, [])) "xay"@1/true:Some((1..2, [])) "xy"@0/false:None "xy"@1/true:None "12x"@0/false:None "12x"@1/true:None "a12x"@0/false:Some((0..1, [])) "a12x"@1/true:None "ΜAA"@0/false:None "ΜAA"@1/true:None "x\n"@0/false:None "x\n"@1/true:None "abc"@0/false:Some((0..1, [])) "abc"@1/true:None
"a[]+" i=false s=false captures=0 ""@0/false:None ""@1/true:None "a"@0/false:None "a"@1/true:None "ab"@0/false:None "ab"@1/true:None "abb"@0/false:None "abb"@1/true:None "abbb"@0/false:None "abbb"@1/true:None "aaa"@0/false:None "aaa"@1/true:None "aaaa"@0/false:None "aaaa"@1/true:None "aab"@0/false:None "aab"@1/true:None "aabab"@0/false:None "aabab"@1/true:None "xaab"@0/false:None "xaab"@1/true:None "xay"@0/false:None "xay"@1/true:None "xy"@0/false:None "xy"@1/true:None "12x"@0/false:None "12x"@1/true:None "a12x"@0/false:None "a12x"@1/true:None "ΜAA"@0/false:None "ΜAA"@1/true:None "x\n"@0/false:None "x\n"@1/true:None "abc"@0/false:None "abc"@1/true:None
"a[]+" i=true s=false captures=0 ""@0/false:None ""@1/true:None "a"@0/false:None "a"@1/true:None "ab"@0/false:None "ab"@1/true:None "abb"@0/false:None "abb"@1/true:None "abbb"@0/false:None "abbb"@1/true:None "aaa"@0/false:None "aaa"@1/true:None "aaaa"@0/false:None "aaaa"@1/true:None "aab"@0/false:None "aab"@1/true:None "aabab"@0/false:None "aabab"@1/true:None "xaab"@0/false:None "xaab"@1/true:None "xay"@0/false:None "xay"@1/true:None "xy"@0/false:None "xy"@1/true:None "12x"@0/false:None "12x"@1/true:None "a12x"@0/false:None "a12x"@1/true:None "ΜAA"@0/false:None "ΜAA"@1/true:None "x\n"@0/false:None "x\n"@1/true:None "abc"@0/false:None "abc"@1/true:None
"a[]+" i=false s=true captures=0 ""@0/false:None ""@1/true:None "a"@0/false:None "a"@1/true:None "ab"@0/false:None "ab"@1/true:None "abb"@0/false:None "abb"@1/true:None "abbb"@0/false:None "abbb"@1/true:None "aaa"@0/false:None "aaa"@1/true:None "aaaa"@0/false:None "aaaa"@1/true:None "aab"@0/false:None "aab"@1/true:None "aabab"@0/false:None "aabab"@1/true:None "xaab"@0/false:None "xaab"@1/true:None "xay"@0/false:None "xay"@1/true:None "xy"@0/false:None "xy"@1/true:None "12x"@0/false:None "12x"@1/true:None "a12x"@0/false:None "a12x"@1/true:None "ΜAA"@0/false:None "ΜAA"@1/true:None "x\n"@0/false:None "x\n"@1/true:None "abc"@0/false:None "abc"@1/true:None
"ab{999999999999999999999999999}" i=false s=false captures=0 ""@0/false:None ""@1/true:None "a"@0/false:None "a"@1/true:None "ab"@0/false:None "ab"@1/true:None "abb"@0/false:None "abb"@1/true:None "abbb"@0/false:None "abbb"@1/true:None "aaa"@0/false:None "aaa"@1/true:None "aaaa"@0/false:None "aaaa"@1/true:None "aab"@0/false:None "aab"@1/true:None "aabab"@0/false:None "aabab"@1/true:None "xaab"@0/false:None "xaab"@1/true:None "xay"@0/false:None "xay"@1/true:None "xy"@0/false:None "xy"@1/true:None "12x"@0/false:None "12x"@1/true:None "a12x"@0/false:None "a12x"@1/true:None "ΜAA"@0/false:None "ΜAA"@1/true:None "x\n"@0/false:None "x\n"@1/true:None "abc"@0/false:None "abc"@1/true:None
"ab{999999999999999999999999999}" i=true s=false captures=0 ""@0/false:None ""@1/true:None "a"@0/false:None "a"@1/true:None "ab"@0/false:None "ab"@1/true:None "abb"@0/false:None "abb"@1/true:None "abbb"@0/false:None "abbb"@1/true:None "aaa"@0/false:None "aaa"@1/true:None "aaaa"@0/false:None "aaaa"@1/true:None "aab"@0/false:None "aab"@1/true:None "aabab"@0/false:None "aabab"@1/true:None "xaab"@0/false:None "xaab"@1/true:None "xay"@0/false:None "xay"@1/true:None "xy"@0/false:None "xy"@1/true:None "12x"@0/false:None "12x"@1/true:None "a12x"@0/false:None "a12x"@1/true:None "ΜAA"@0/false:None "ΜAA"@1/true:None "x\n"@0/false:None "x\n"@1/true:None "abc"@0/false:None "abc"@1/true:None
"ab{999999999999999999999999999}" i=false s=true captures=0 ""@0/false:None ""@1/true:None "a"@0/false:None "a"@1/true:None "ab"@0/false:None "ab"@1/true:None "abb"@0/false:None "abb"@1/true:None "abbb"@0/false:None "abbb"@1/true:None "aaa"@0/false:None "aaa"@1/true:None "aaaa"@0/false:None "aaaa"@1/true:None "aab"@0/false:None "aab"@1/true:None "aabab"@0/false:None "aabab"@1/true:None "xaab"@0/false:None "xaab"@1/true:None "xay"@0/false:None "xay"@1/true:None "xy"@0/false:None "xy"@1/true:None "12x"@0/false:None "12x"@1/true:None "a12x"@0/false:None "a12x"@1/true:None "ΜAA"@0/false:None "ΜAA"@1/true:None "x\n"@0/false:None "x\n"@1/true:None "abc"@0/false:None "abc"@1/true:None
"a(?:a)+b" i=false s=false captures=0 ""@0/false:None ""@1/true:None "a"@0/false:None "a"@1/true:None "ab"@0/false:None "ab"@1/true:None "abb"@0/false:None "abb"@1/true:None "abbb"@0/false:None "abbb"@1/true:None "aaa"@0/false:None "aaa"@1/true:None "aaaa"@0/false:None "aaaa"@1/true:None "aab"@0/false:Some((0..3, [])) "aab"@1/true:None "aabab"@0/false:Some((0..3, [])) "aabab"@1/true:None "xaab"@0/false:Some((1..4, [])) "xaab"@1/true:Some((1..4, [])) "xay"@0/false:None "xay"@1/true:None "xy"@0/false:None "xy"@1/true:None "12x"@0/false:None "12x"@1/true:None "a12x"@0/false:None "a12x"@1/true:None "ΜAA"@0/false:None "ΜAA"@1/true:None "x\n"@0/false:None "x\n"@1/true:None "abc"@0/false:None "abc"@1/true:None
"a(?:a)+b" i=true s=false captures=0 ""@0/false:None ""@1/true:None "a"@0/false:None "a"@1/true:None "ab"@0/false:None "ab"@1/true:None "abb"@0/false:None "abb"@1/true:None "abbb"@0/false:None "abbb"@1/true:None "aaa"@0/false:None "aaa"@1/true:None "aaaa"@0/false:None "aaaa"@1/true:None "aab"@0/false:Some((0..3, [])) "aab"@1/true:None "aabab"@0/false:Some((0..3, [])) "aabab"@1/true:None "xaab"@0/false:Some((1..4, [])) "xaab"@1/true:Some((1..4, [])) "xay"@0/false:None "xay"@1/true:None "xy"@0/false:None "xy"@1/true:None "12x"@0/false:None "12x"@1/true:None "a12x"@0/false:None "a12x"@1/true:None "ΜAA"@0/false:None "ΜAA"@1/true:None "x\n"@0/false:None "x\n"@1/true:None "abc"@0/false:None "abc"@1/true:None
"a(?:a)+b" i=false s=true captures=0 ""@0/false:None ""@1/true:None "a"@0/false:None "a"@1/true:None "ab"@0/false:None "ab"@1/true:None "abb"@0/false:None "abb"@1/true:None "abbb"@0/false:None "abbb"@1/true:None "aaa"@0/false:None "aaa"@1/true:None "aaaa"@0/false:None "aaaa"@1/true:None "aab"@0/false:Some((0..3, [])) "aab"@1/true:None "aabab"@0/false:Some((0..3, [])) "aabab"@1/true:None "xaab"@0/false:Some((1..4, [])) "xaab"@1/true:Some((1..4, [])) "xay"@0/false:None "xay"@1/true:None "xy"@0/false:None "xy"@1/true:None "12x"@0/false:None "12x"@1/true:None "a12x"@0/false:None "a12x"@1/true:None "ΜAA"@0/false:None "ΜAA"@1/true:None "x\n"@0/false:None "x\n"@1/true:None "abc"@0/false:None "abc"@1/true:None
"a(?:(?:a)+)b" i=false s=false captures=0 ""@0/false:None ""@1/true:None "a"@0/false:None "a"@1/true:None "ab"@0/false:None "ab"@1/true:None "abb"@0/false:None "abb"@1/true:None "abbb"@0/false:None "abbb"@1/true:None "aaa"@0/false:None "aaa"@1/true:None "aaaa"@0/false:None "aaaa"@1/true:None "aab"@0/false:Some((0..3, [])) "aab"@1/true:None "aabab"@0/false:Some((0..3, [])) "aabab"@1/true:None "xaab"@0/false:Some((1..4, [])) "xaab"@1/true:Some((1..4, [])) "xay"@0/false:None "xay"@1/true:None "xy"@0/false:None "xy"@1/true:None "12x"@0/false:None "12x"@1/true:None "a12x"@0/false:None "a12x"@1/true:None "ΜAA"@0/false:None "ΜAA"@1/true:None "x\n"@0/false:None "x\n"@1/true:None "abc"@0/false:None "abc"@1/true:None
"a(?:(?:a)+)b" i=true s=false captures=0 ""@0/false:None ""@1/true:None "a"@0/false:None "a"@1/true:None "ab"@0/false:None "ab"@1/true:None "abb"@0/false:None "abb"@1/true:None "abbb"@0/false:None "abbb"@1/true:None "aaa"@0/false:None "aaa"@1/true:None "aaaa"@0/false:None "aaaa"@1/true:None "aab"@0/false:Some((0..3, [])) "aab"@1/true:None "aabab"@0/false:Some((0..3, [])) "aabab"@1/true:None "xaab"@0/false:Some((1..4, [])) "xaab"@1/true:Some((1..4, [])) "xay"@0/false:None "xay"@1/true:None "xy"@0/false:None "xy"@1/true:None "12x"@0/false:None "12x"@1/true:None "a12x"@0/false:None "a12x"@1/true:None "ΜAA"@0/false:None "ΜAA"@1/true:None "x\n"@0/false:None "x\n"@1/true:None "abc"@0/false:None "abc"@1/true:None
"a(?:(?:a)+)b" i=false s=true captures=0 ""@0/false:None ""@1/true:None "a"@0/false:None "a"@1/true:None "ab"@0/false:None "ab"@1/true:None "abb"@0/false:None "abb"@1/true:None "abbb"@0/false:None "abbb"@1/true:None "aaa"@0/false:None "aaa"@1/true:None "aaaa"@0/false:None "aaaa"@1/true:None "aab"@0/false:Some((0..3, [])) "aab"@1/true:None "aabab"@0/false:Some((0..3, [])) "aabab"@1/true:None "xaab"@0/false:Some((1..4, [])) "xaab"@1/true:Some((1..4, [])) "xay"@0/false:None "xay"@1/true:None "xy"@0/false:None "xy"@1/true:None "12x"@0/false:None "12x"@1/true:None "a12x"@0/false:None "a12x"@1/true:None "ΜAA"@0/false:None "ΜAA"@1/true:None "x\n"@0/false:None "x\n"@1/true:None "abc"@0/false:None "abc"@1/true:None
"ab+((c)())" i=false s=false captures=3 ""@0/false:None ""@1/true:None "a"@0/false:None "a"@1/true:None "ab"@0/false:None "ab"@1/true:None "abb"@0/false:None "abb"@1/true:None "abbb"@0/false:None "abbb"@1/true:None "aaa"@0/false:None "aaa"@1/true:None "aaaa"@0/false:None "aaaa"@1/true:None "aab"@0/false:None "aab"@1/true:None "aabab"@0/false:None "aabab"@1/true:None "xaab"@0/false:None "xaab"@1/true:None "xay"@0/false:None "xay"@1/true:None "xy"@0/false:None "xy"@1/true:None "12x"@0/false:None "12x"@1/true:None "a12x"@0/false:None "a12x"@1/true:None "ΜAA"@0/false:None "ΜAA"@1/true:None "x\n"@0/false:None "x\n"@1/true:None "abc"@0/false:Some((0..3, [Some(2..3), Some(2..3), Some(3..3)])) "abc"@1/true:None
"ab+((c)())" i=true s=false captures=3 ""@0/false:None ""@1/true:None "a"@0/false:None "a"@1/true:None "ab"@0/false:None "ab"@1/true:None "abb"@0/false:None "abb"@1/true:None "abbb"@0/false:None "abbb"@1/true:None "aaa"@0/false:None "aaa"@1/true:None "aaaa"@0/false:None "aaaa"@1/true:None "aab"@0/false:None "aab"@1/true:None "aabab"@0/false:None "aabab"@1/true:None "xaab"@0/false:None "xaab"@1/true:None "xay"@0/false:None "xay"@1/true:None "xy"@0/false:None "xy"@1/true:None "12x"@0/false:None "12x"@1/true:None "a12x"@0/false:None "a12x"@1/true:None "ΜAA"@0/false:None "ΜAA"@1/true:None "x\n"@0/false:None "x\n"@1/true:None "abc"@0/false:Some((0..3, [Some(2..3), Some(2..3), Some(3..3)])) "abc"@1/true:None
"ab+((c)())" i=false s=true captures=3 ""@0/false:None ""@1/true:None "a"@0/false:None "a"@1/true:None "ab"@0/false:None "ab"@1/true:None "abb"@0/false:None "abb"@1/true:None "abbb"@0/false:None "abbb"@1/true:None "aaa"@0/false:None "aaa"@1/true:None "aaaa"@0/false:None "aaaa"@1/true:None "aab"@0/false:None "aab"@1/true:None "aabab"@0/false:None "aabab"@1/true:None "xaab"@0/false:None "xaab"@1/true:None "xay"@0/false:None "xay"@1/true:None "xy"@0/false:None "xy"@1/true:None "12x"@0/false:None "12x"@1/true:None "a12x"@0/false:None "a12x"@1/true:None "ΜAA"@0/false:None "ΜAA"@1/true:None "x\n"@0/false:None "x\n"@1/true:None "abc"@0/false:Some((0..3, [Some(2..3), Some(2..3), Some(3..3)])) "abc"@1/true:None
"ab+()" i=false s=false captures=1 ""@0/false:None ""@1/true:None "a"@0/false:None "a"@1/true:None "ab"@0/false:Some((0..2, [Some(2..2)])) "ab"@1/true:None "abb"@0/false:Some((0..3, [Some(3..3)])) "abb"@1/true:None "abbb"@0/false:Some((0..4, [Some(4..4)])) "abbb"@1/true:None "aaa"@0/false:None "aaa"@1/true:None "aaaa"@0/false:None "aaaa"@1/true:None "aab"@0/false:Some((1..3, [Some(3..3)])) "aab"@1/true:Some((1..3, [Some(3..3)])) "aabab"@0/false:Some((1..3, [Some(3..3)])) "aabab"@1/true:Some((1..3, [Some(3..3)])) "xaab"@0/false:Some((2..4, [Some(4..4)])) "xaab"@1/true:None "xay"@0/false:None "xay"@1/true:None "xy"@0/false:None "xy"@1/true:None "12x"@0/false:None "12x"@1/true:None "a12x"@0/false:None "a12x"@1/true:None "ΜAA"@0/false:None "ΜAA"@1/true:None "x\n"@0/false:None "x\n"@1/true:None "abc"@0/false:Some((0..2, [Some(2..2)])) "abc"@1/true:None
"ab+()" i=true s=false captures=1 ""@0/false:None ""@1/true:None "a"@0/false:None "a"@1/true:None "ab"@0/false:Some((0..2, [Some(2..2)])) "ab"@1/true:None "abb"@0/false:Some((0..3, [Some(3..3)])) "abb"@1/true:None "abbb"@0/false:Some((0..4, [Some(4..4)])) "abbb"@1/true:None "aaa"@0/false:None "aaa"@1/true:None "aaaa"@0/false:None "aaaa"@1/true:None "aab"@0/false:Some((1..3, [Some(3..3)])) "aab"@1/true:Some((1..3, [Some(3..3)])) "aabab"@0/false:Some((1..3, [Some(3..3)])) "aabab"@1/true:Some((1..3, [Some(3..3)])) "xaab"@0/false:Some((2..4, [Some(4..4)])) "xaab"@1/true:None "xay"@0/false:None "xay"@1/true:None "xy"@0/false:None "xy"@1/true:None "12x"@0/false:None "12x"@1/true:None "a12x"@0/false:None "a12x"@1/true:None "ΜAA"@0/false:None "ΜAA"@1/true:None "x\n"@0/false:None "x\n"@1/true:None "abc"@0/false:Some((0..2, [Some(2..2)])) "abc"@1/true:None
"ab+()" i=false s=true captures=1 ""@0/false:None ""@1/true:None "a"@0/false:None "a"@1/true:None "ab"@0/false:Some((0..2, [Some(2..2)])) "ab"@1/true:None "abb"@0/false:Some((0..3, [Some(3..3)])) "abb"@1/true:None "abbb"@0/false:Some((0..4, [Some(4..4)])) "abbb"@1/true:None "aaa"@0/false:None "aaa"@1/true:None "aaaa"@0/false:None "aaaa"@1/true:None "aab"@0/false:Some((1..3, [Some(3..3)])) "aab"@1/true:Some((1..3, [Some(3..3)])) "aabab"@0/false:Some((1..3, [Some(3..3)])) "aabab"@1/true:Some((1..3, [Some(3..3)])) "xaab"@0/false:Some((2..4, [Some(4..4)])) "xaab"@1/true:None "xay"@0/false:None "xay"@1/true:None "xy"@0/false:None "xy"@1/true:None "12x"@0/false:None "12x"@1/true:None "a12x"@0/false:None "a12x"@1/true:None "ΜAA"@0/false:None "ΜAA"@1/true:None "x\n"@0/false:None "x\n"@1/true:None "abc"@0/false:Some((0..2, [Some(2..2)])) "abc"@1/true:None
"a\\(b+" i=false s=false captures=0 ""@0/false:None ""@1/true:None "a"@0/false:None "a"@1/true:None "ab"@0/false:None "ab"@1/true:None "abb"@0/false:None "abb"@1/true:None "abbb"@0/false:None "abbb"@1/true:None "aaa"@0/false:None "aaa"@1/true:None "aaaa"@0/false:None "aaaa"@1/true:None "aab"@0/false:None "aab"@1/true:None "aabab"@0/false:None "aabab"@1/true:None "xaab"@0/false:None "xaab"@1/true:None "xay"@0/false:None "xay"@1/true:None "xy"@0/false:None "xy"@1/true:None "12x"@0/false:None "12x"@1/true:None "a12x"@0/false:None "a12x"@1/true:None "ΜAA"@0/false:None "ΜAA"@1/true:None "x\n"@0/false:None "x\n"@1/true:None "abc"@0/false:None "abc"@1/true:None
"a\\(b+" i=true s=false captures=0 ""@0/false:None ""@1/true:None "a"@0/false:None "a"@1/true:None "ab"@0/false:None "ab"@1/true:None "abb"@0/false:None "abb"@1/true:None "abbb"@0/false:None "abbb"@1/true:None "aaa"@0/false:None "aaa"@1/true:None "aaaa"@0/false:None "aaaa"@1/true:None "aab"@0/false:None "aab"@1/true:None "aabab"@0/false:None "aabab"@1/true:None "xaab"@0/false:None "xaab"@1/true:None "xay"@0/false:None "xay"@1/true:None "xy"@0/false:None "xy"@1/true:None "12x"@0/false:None "12x"@1/true:None "a12x"@0/false:None "a12x"@1/true:None "ΜAA"@0/false:None "ΜAA"@1/true:None "x\n"@0/false:None "x\n"@1/true:None "abc"@0/false:None "abc"@1/true:None
"a\\(b+" i=false s=true captures=0 ""@0/false:None ""@1/true:None "a"@0/false:None "a"@1/true:None "ab"@0/false:None "ab"@1/true:None "abb"@0/false:None "abb"@1/true:None "abbb"@0/false:None "abbb"@1/true:None "aaa"@0/false:None "aaa"@1/true:None "aaaa"@0/false:None "aaaa"@1/true:None "aab"@0/false:None "aab"@1/true:None "aabab"@0/false:None "aabab"@1/true:None "xaab"@0/false:None "xaab"@1/true:None "xay"@0/false:None "xay"@1/true:None "xy"@0/false:None "xy"@1/true:None "12x"@0/false:None "12x"@1/true:None "a12x"@0/false:None "a12x"@1/true:None "ΜAA"@0/false:None "ΜAA"@1/true:None "x\n"@0/false:None "x\n"@1/true:None "abc"@0/false:None "abc"@1/true:None
"💩+" i=false s=false captures=0 ""@0/false:None ""@1/true:None "a"@0/false:None "a"@1/true:None "ab"@0/false:None "ab"@1/true:None "abb"@0/false:None "abb"@1/true:None "abbb"@0/false:None "abbb"@1/true:None "aaa"@0/false:None "aaa"@1/true:None "aaaa"@0/false:None "aaaa"@1/true:None "aab"@0/false:None "aab"@1/true:None "aabab"@0/false:None "aabab"@1/true:None "xaab"@0/false:None "xaab"@1/true:None "xay"@0/false:None "xay"@1/true:None "xy"@0/false:None "xy"@1/true:None "12x"@0/false:None "12x"@1/true:None "a12x"@0/false:None "a12x"@1/true:None "ΜAA"@0/false:None "ΜAA"@1/true:None "x\n"@0/false:None "x\n"@1/true:None "abc"@0/false:None "abc"@1/true:None
"💩+" i=true s=false captures=0 ""@0/false:None ""@1/true:None "a"@0/false:None "a"@1/true:None "ab"@0/false:None "ab"@1/true:None "abb"@0/false:None "abb"@1/true:None "abbb"@0/false:None "abbb"@1/true:None "aaa"@0/false:None "aaa"@1/true:None "aaaa"@0/false:None "aaaa"@1/true:None "aab"@0/false:None "aab"@1/true:None "aabab"@0/false:None "aabab"@1/true:None "xaab"@0/false:None "xaab"@1/true:None "xay"@0/false:None "xay"@1/true:None "xy"@0/false:None "xy"@1/true:None "12x"@0/false:None "12x"@1/true:None "a12x"@0/false:None "a12x"@1/true:None "ΜAA"@0/false:None "ΜAA"@1/true:None "x\n"@0/false:None "x\n"@1/true:None "abc"@0/false:None "abc"@1/true:None
"💩+" i=false s=true captures=0 ""@0/false:None ""@1/true:None "a"@0/false:None "a"@1/true:None "ab"@0/false:None "ab"@1/true:None "abb"@0/false:None "abb"@1/true:None "abbb"@0/false:None "abbb"@1/true:None "aaa"@0/false:None "aaa"@1/true:None "aaaa"@0/false:None "aaaa"@1/true:None "aab"@0/false:None "aab"@1/true:None "aabab"@0/false:None "aabab"@1/true:None "xaab"@0/false:None "xaab"@1/true:None "xay"@0/false:None "xay"@1/true:None "xy"@0/false:None "xy"@1/true:None "12x"@0/false:None "12x"@1/true:None "a12x"@0/false:None "a12x"@1/true:None "ΜAA"@0/false:None "ΜAA"@1/true:None "x\n"@0/false:None "x\n"@1/true:None "abc"@0/false:None "abc"@1/true:None
"(a)b+" i=false s=false captures=1 ""@0/false:None ""@1/true:None "a"@0/false:None "a"@1/true:None "ab"@0/false:Some((0..2, [Some(0..1)])) "ab"@1/true:None "abb"@0/false:Some((0..3, [Some(0..1)])) "abb"@1/true:None "abbb"@0/false:Some((0..4, [Some(0..1)])) "abbb"@1/true:None "aaa"@0/false:None "aaa"@1/true:None "aaaa"@0/false:None "aaaa"@1/true:None "aab"@0/false:Some((1..3, [Some(1..2)])) "aab"@1/true:Some((1..3, [Some(1..2)])) "aabab"@0/false:Some((1..3, [Some(1..2)])) "aabab"@1/true:Some((1..3, [Some(1..2)])) "xaab"@0/false:Some((2..4, [Some(2..3)])) "xaab"@1/true:None "xay"@0/false:None "xay"@1/true:None "xy"@0/false:None "xy"@1/true:None "12x"@0/false:None "12x"@1/true:None "a12x"@0/false:None "a12x"@1/true:None "ΜAA"@0/false:None "ΜAA"@1/true:None "x\n"@0/false:None "x\n"@1/true:None "abc"@0/false:Some((0..2, [Some(0..1)])) "abc"@1/true:None
"(a)b+" i=true s=false captures=1 ""@0/false:None ""@1/true:None "a"@0/false:None "a"@1/true:None "ab"@0/false:Some((0..2, [Some(0..1)])) "ab"@1/true:None "abb"@0/false:Some((0..3, [Some(0..1)])) "abb"@1/true:None "abbb"@0/false:Some((0..4, [Some(0..1)])) "abbb"@1/true:None "aaa"@0/false:None "aaa"@1/true:None "aaaa"@0/false:None "aaaa"@1/true:None "aab"@0/false:Some((1..3, [Some(1..2)])) "aab"@1/true:Some((1..3, [Some(1..2)])) "aabab"@0/false:Some((1..3, [Some(1..2)])) "aabab"@1/true:Some((1..3, [Some(1..2)])) "xaab"@0/false:Some((2..4, [Some(2..3)])) "xaab"@1/true:None "xay"@0/false:None "xay"@1/true:None "xy"@0/false:None "xy"@1/true:None "12x"@0/false:None "12x"@1/true:None "a12x"@0/false:None "a12x"@1/true:None "ΜAA"@0/false:None "ΜAA"@1/true:None "x\n"@0/false:None "x\n"@1/true:None "abc"@0/false:Some((0..2, [Some(0..1)])) "abc"@1/true:None
"(a)b+" i=false s=true captures=1 ""@0/false:None ""@1/true:None "a"@0/false:None "a"@1/true:None "ab"@0/false:Some((0..2, [Some(0..1)])) "ab"@1/true:None "abb"@0/false:Some((0..3, [Some(0..1)])) "abb"@1/true:None "abbb"@0/false:Some((0..4, [Some(0..1)])) "abbb"@1/true:None "aaa"@0/false:None "aaa"@1/true:None "aaaa"@0/false:None "aaaa"@1/true:None "aab"@0/false:Some((1..3, [Some(1..2)])) "aab"@1/true:Some((1..3, [Some(1..2)])) "aabab"@0/false:Some((1..3, [Some(1..2)])) "aabab"@1/true:Some((1..3, [Some(1..2)])) "xaab"@0/false:Some((2..4, [Some(2..3)])) "xaab"@1/true:None "xay"@0/false:None "xay"@1/true:None "xy"@0/false:None "xy"@1/true:None "12x"@0/false:None "12x"@1/true:None "a12x"@0/false:None "a12x"@1/true:None "ΜAA"@0/false:None "ΜAA"@1/true:None "x\n"@0/false:None "x\n"@1/true:None "abc"@0/false:Some((0..2, [Some(0..1)])) "abc"@1/true:None
"(?:a)b+" i=false s=false captures=0 ""@0/false:None ""@1/true:None "a"@0/false:None "a"@1/true:None "ab"@0/false:Some((0..2, [])) "ab"@1/true:None "abb"@0/false:Some((0..3, [])) "abb"@1/true:None "abbb"@0/false:Some((0..4, [])) "abbb"@1/true:None "aaa"@0/false:None "aaa"@1/true:None "aaaa"@0/false:None "aaaa"@1/true:None "aab"@0/false:Some((1..3, [])) "aab"@1/true:Some((1..3, [])) "aabab"@0/false:Some((1..3, [])) "aabab"@1/true:Some((1..3, [])) "xaab"@0/false:Some((2..4, [])) "xaab"@1/true:None "xay"@0/false:None "xay"@1/true:None "xy"@0/false:None "xy"@1/true:None "12x"@0/false:None "12x"@1/true:None "a12x"@0/false:None "a12x"@1/true:None "ΜAA"@0/false:None "ΜAA"@1/true:None "x\n"@0/false:None "x\n"@1/true:None "abc"@0/false:Some((0..2, [])) "abc"@1/true:None
"(?:a)b+" i=true s=false captures=0 ""@0/false:None ""@1/true:None "a"@0/false:None "a"@1/true:None "ab"@0/false:Some((0..2, [])) "ab"@1/true:None "abb"@0/false:Some((0..3, [])) "abb"@1/true:None "abbb"@0/false:Some((0..4, [])) "abbb"@1/true:None "aaa"@0/false:None "aaa"@1/true:None "aaaa"@0/false:None "aaaa"@1/true:None "aab"@0/false:Some((1..3, [])) "aab"@1/true:Some((1..3, [])) "aabab"@0/false:Some((1..3, [])) "aabab"@1/true:Some((1..3, [])) "xaab"@0/false:Some((2..4, [])) "xaab"@1/true:None "xay"@0/false:None "xay"@1/true:None "xy"@0/false:None "xy"@1/true:None "12x"@0/false:None "12x"@1/true:None "a12x"@0/false:None "a12x"@1/true:None "ΜAA"@0/false:None "ΜAA"@1/true:None "x\n"@0/false:None "x\n"@1/true:None "abc"@0/false:Some((0..2, [])) "abc"@1/true:None
"(?:a)b+" i=false s=true captures=0 ""@0/false:None ""@1/true:None "a"@0/false:None "a"@1/true:None "ab"@0/false:Some((0..2, [])) "ab"@1/true:None "abb"@0/false:Some((0..3, [])) "abb"@1/true:None "abbb"@0/false:Some((0..4, [])) "abbb"@1/true:None "aaa"@0/false:None "aaa"@1/true:None "aaaa"@0/false:None "aaaa"@1/true:None "aab"@0/false:Some((1..3, [])) "aab"@1/true:Some((1..3, [])) "aabab"@0/false:Some((1..3, [])) "aabab"@1/true:Some((1..3, [])) "xaab"@0/false:Some((2..4, [])) "xaab"@1/true:None "xay"@0/false:None "xay"@1/true:None "xy"@0/false:None "xy"@1/true:None "12x"@0/false:None "12x"@1/true:None "a12x"@0/false:None "a12x"@1/true:None "ΜAA"@0/false:None "ΜAA"@1/true:None "x\n"@0/false:None "x\n"@1/true:None "abc"@0/false:Some((0..2, [])) "abc"@1/true:None
"a.b+" i=false s=false unsupported
"a.b+" i=true s=false unsupported
"a.b+" i=false s=true unsupported
"a[b]c+" i=false s=false unsupported
"a[b]c+" i=true s=false unsupported
"a[b]c+" i=false s=true unsupported
"ab+c+" i=false s=false unsupported
"ab+c+" i=true s=false unsupported
"ab+c+" i=false s=true unsupported
"ab+(c|d)" i=false s=false unsupported
"ab+(c|d)" i=true s=false unsupported
"ab+(c|d)" i=false s=true unsupported
"ab+[c]" i=false s=false unsupported
"ab+[c]" i=true s=false unsupported
"ab+[c]" i=false s=true unsupported
"ab+(?<n>c)" i=false s=false unsupported
"ab+(?<n>c)" i=true s=false unsupported
"ab+(?<n>c)" i=false s=true unsupported
"a+" i=false s=false unsupported
"a+" i=true s=false unsupported
"a+" i=false s=true unsupported
"ab" i=false s=false unsupported
"ab" i=true s=false unsupported
"ab" i=false s=true unsupported
"^ab+" i=false s=false unsupported
"^ab+" i=true s=false unsupported
"^ab+" i=false s=true unsupported
"ab+$" i=false s=false unsupported
"ab+$" i=true s=false unsupported
"ab+$" i=false s=true unsupported
