---
source: crates/spite-core/src/regexp_quantified.rs
expression: rows
---
"a*" i=false s=false "":Some(0..0)/None "a":Some(0..1)/Some(1..1) "aaa":Some(0..3)/Some(1..3) "baaab":Some(0..0)/Some(1..4) "abbaa":Some(0..1)/Some(1..1) "Aaa":Some(0..0)/Some(1..3) "12x":Some(0..0)/Some(1..1) " \u000a":Some(0..0)/Some(1..1) "\u000a":Some(0..0)/Some(1..1) "+++":Some(0..0)/Some(1..1) "\ud800\udc00":Some(0..0)/Some(1..1)
"a*" i=true s=false "":Some(0..0)/None "a":Some(0..1)/Some(1..1) "aaa":Some(0..3)/Some(1..3) "baaab":Some(0..0)/Some(1..4) "abbaa":Some(0..1)/Some(1..1) "Aaa":Some(0..3)/Some(1..3) "12x":Some(0..0)/Some(1..1) " \u000a":Some(0..0)/Some(1..1) "\u000a":Some(0..0)/Some(1..1) "+++":Some(0..0)/Some(1..1) "\ud800\udc00":Some(0..0)/Some(1..1)
"a*" i=false s=true "":Some(0..0)/None "a":Some(0..1)/Some(1..1) "aaa":Some(0..3)/Some(1..3) "baaab":Some(0..0)/Some(1..4) "abbaa":Some(0..1)/Some(1..1) "Aaa":Some(0..0)/Some(1..3) "12x":Some(0..0)/Some(1..1) " \u000a":Some(0..0)/Some(1..1) "\u000a":Some(0..0)/Some(1..1) "+++":Some(0..0)/Some(1..1) "\ud800\udc00":Some(0..0)/Some(1..1)
"a*?" i=false s=false "":Some(0..0)/None "a":Some(0..0)/Some(1..1) "aaa":Some(0..0)/Some(1..1) "baaab":Some(0..0)/Some(1..1) "abbaa":Some(0..0)/Some(1..1) "Aaa":Some(0..0)/Some(1..1) "12x":Some(0..0)/Some(1..1) " \u000a":Some(0..0)/Some(1..1) "\u000a":Some(0..0)/Some(1..1) "+++":Some(0..0)/Some(1..1) "\ud800\udc00":Some(0..0)/Some(1..1)
"a*?" i=true s=false "":Some(0..0)/None "a":Some(0..0)/Some(1..1) "aaa":Some(0..0)/Some(1..1) "baaab":Some(0..0)/Some(1..1) "abbaa":Some(0..0)/Some(1..1) "Aaa":Some(0..0)/Some(1..1) "12x":Some(0..0)/Some(1..1) " \u000a":Some(0..0)/Some(1..1) "\u000a":Some(0..0)/Some(1..1) "+++":Some(0..0)/Some(1..1) "\ud800\udc00":Some(0..0)/Some(1..1)
"a*?" i=false s=true "":Some(0..0)/None "a":Some(0..0)/Some(1..1) "aaa":Some(0..0)/Some(1..1) "baaab":Some(0..0)/Some(1..1) "abbaa":Some(0..0)/Some(1..1) "Aaa":Some(0..0)/Some(1..1) "12x":Some(0..0)/Some(1..1) " \u000a":Some(0..0)/Some(1..1) "\u000a":Some(0..0)/Some(1..1) "+++":Some(0..0)/Some(1..1) "\ud800\udc00":Some(0..0)/Some(1..1)
"a+" i=false s=false "":None/None "a":Some(0..1)/None "aaa":Some(0..3)/Some(1..3) "baaab":Some(1..4)/Some(1..4) "abbaa":Some(0..1)/None "Aaa":Some(1..3)/Some(1..3) "12x":None/None " \u000a":None/None "\u000a":None/None "+++":None/None "\ud800\udc00":None/None
"a+" i=true s=false "":None/None "a":Some(0..1)/None "aaa":Some(0..3)/Some(1..3) "baaab":Some(1..4)/Some(1..4) "abbaa":Some(0..1)/None "Aaa":Some(0..3)/Some(1..3) "12x":None/None " \u000a":None/None "\u000a":None/None "+++":None/None "\ud800\udc00":None/None
"a+" i=false s=true "":None/None "a":Some(0..1)/None "aaa":Some(0..3)/Some(1..3) "baaab":Some(1..4)/Some(1..4) "abbaa":Some(0..1)/None "Aaa":Some(1..3)/Some(1..3) "12x":None/None " \u000a":None/None "\u000a":None/None "+++":None/None "\ud800\udc00":None/None
"a+?" i=false s=false "":None/None "a":Some(0..1)/None "aaa":Some(0..1)/Some(1..2) "baaab":Some(1..2)/Some(1..2) "abbaa":Some(0..1)/None "Aaa":Some(1..2)/Some(1..2) "12x":None/None " \u000a":None/None "\u000a":None/None "+++":None/None "\ud800\udc00":None/None
"a+?" i=true s=false "":None/None "a":Some(0..1)/None "aaa":Some(0..1)/Some(1..2) "baaab":Some(1..2)/Some(1..2) "abbaa":Some(0..1)/None "Aaa":Some(0..1)/Some(1..2) "12x":None/None " \u000a":None/None "\u000a":None/None "+++":None/None "\ud800\udc00":None/None
"a+?" i=false s=true "":None/None "a":Some(0..1)/None "aaa":Some(0..1)/Some(1..2) "baaab":Some(1..2)/Some(1..2) "abbaa":Some(0..1)/None "Aaa":Some(1..2)/Some(1..2) "12x":None/None " \u000a":None/None "\u000a":None/None "+++":None/None "\ud800\udc00":None/None
"a?" i=false s=false "":Some(0..0)/None "a":Some(0..1)/Some(1..1) "aaa":Some(0..1)/Some(1..2) "baaab":Some(0..0)/Some(1..2) "abbaa":Some(0..1)/Some(1..1) "Aaa":Some(0..0)/Some(1..2) "12x":Some(0..0)/Some(1..1) " \u000a":Some(0..0)/Some(1..1) "\u000a":Some(0..0)/Some(1..1) "+++":Some(0..0)/Some(1..1) "\ud800\udc00":Some(0..0)/Some(1..1)
"a?" i=true s=false "":Some(0..0)/None "a":Some(0..1)/Some(1..1) "aaa":Some(0..1)/Some(1..2) "baaab":Some(0..0)/Some(1..2) "abbaa":Some(0..1)/Some(1..1) "Aaa":Some(0..1)/Some(1..2) "12x":Some(0..0)/Some(1..1) " \u000a":Some(0..0)/Some(1..1) "\u000a":Some(0..0)/Some(1..1) "+++":Some(0..0)/Some(1..1) "\ud800\udc00":Some(0..0)/Some(1..1)
"a?" i=false s=true "":Some(0..0)/None "a":Some(0..1)/Some(1..1) "aaa":Some(0..1)/Some(1..2) "baaab":Some(0..0)/Some(1..2) "abbaa":Some(0..1)/Some(1..1) "Aaa":Some(0..0)/Some(1..2) "12x":Some(0..0)/Some(1..1) " \u000a":Some(0..0)/Some(1..1) "\u000a":Some(0..0)/Some(1..1) "+++":Some(0..0)/Some(1..1) "\ud800\udc00":Some(0..0)/Some(1..1)
"a??" i=false s=false "":Some(0..0)/None "a":Some(0..0)/Some(1..1) "aaa":Some(0..0)/Some(1..1) "baaab":Some(0..0)/Some(1..1) "abbaa":Some(0..0)/Some(1..1) "Aaa":Some(0..0)/Some(1..1) "12x":Some(0..0)/Some(1..1) " \u000a":Some(0..0)/Some(1..1) "\u000a":Some(0..0)/Some(1..1) "+++":Some(0..0)/Some(1..1) "\ud800\udc00":Some(0..0)/Some(1..1)
"a??" i=true s=false "":Some(0..0)/None "a":Some(0..0)/Some(1..1) "aaa":Some(0..0)/Some(1..1) "baaab":Some(0..0)/Some(1..1) "abbaa":Some(0..0)/Some(1..1) "Aaa":Some(0..0)/Some(1..1) "12x":Some(0..0)/Some(1..1) " \u000a":Some(0..0)/Some(1..1) "\u000a":Some(0..0)/Some(1..1) "+++":Some(0..0)/Some(1..1) "\ud800\udc00":Some(0..0)/Some(1..1)
"a??" i=false s=true "":Some(0..0)/None "a":Some(0..0)/Some(1..1) "aaa":Some(0..0)/Some(1..1) "baaab":Some(0..0)/Some(1..1) "abbaa":Some(0..0)/Some(1..1) "Aaa":Some(0..0)/Some(1..1) "12x":Some(0..0)/Some(1..1) " \u000a":Some(0..0)/Some(1..1) "\u000a":Some(0..0)/Some(1..1) "+++":Some(0..0)/Some(1..1) "\ud800\udc00":Some(0..0)/Some(1..1)
"a{0}" i=false s=false "":Some(0..0)/None "a":Some(0..0)/Some(1..1) "aaa":Some(0..0)/Some(1..1) "baaab":Some(0..0)/Some(1..1) "abbaa":Some(0..0)/Some(1..1) "Aaa":Some(0..0)/Some(1..1) "12x":Some(0..0)/Some(1..1) " \u000a":Some(0..0)/Some(1..1) "\u000a":Some(0..0)/Some(1..1) "+++":Some(0..0)/Some(1..1) "\ud800\udc00":Some(0..0)/Some(1..1)
"a{0}" i=true s=false "":Some(0..0)/None "a":Some(0..0)/Some(1..1) "aaa":Some(0..0)/Some(1..1) "baaab":Some(0..0)/Some(1..1) "abbaa":Some(0..0)/Some(1..1) "Aaa":Some(0..0)/Some(1..1) "12x":Some(0..0)/Some(1..1) " \u000a":Some(0..0)/Some(1..1) "\u000a":Some(0..0)/Some(1..1) "+++":Some(0..0)/Some(1..1) "\ud800\udc00":Some(0..0)/Some(1..1)
"a{0}" i=false s=true "":Some(0..0)/None "a":Some(0..0)/Some(1..1) "aaa":Some(0..0)/Some(1..1) "baaab":Some(0..0)/Some(1..1) "abbaa":Some(0..0)/Some(1..1) "Aaa":Some(0..0)/Some(1..1) "12x":Some(0..0)/Some(1..1) " \u000a":Some(0..0)/Some(1..1) "\u000a":Some(0..0)/Some(1..1) "+++":Some(0..0)/Some(1..1) "\ud800\udc00":Some(0..0)/Some(1..1)
"a{2}" i=false s=false "":None/None "a":None/None "aaa":Some(0..2)/Some(1..3) "baaab":Some(1..3)/Some(1..3) "abbaa":Some(3..5)/None "Aaa":Some(1..3)/Some(1..3) "12x":None/None " \u000a":None/None "\u000a":None/None "+++":None/None "\ud800\udc00":None/None
"a{2}" i=true s=false "":None/None "a":None/None "aaa":Some(0..2)/Some(1..3) "baaab":Some(1..3)/Some(1..3) "abbaa":Some(3..5)/None "Aaa":Some(0..2)/Some(1..3) "12x":None/None " \u000a":None/None "\u000a":None/None "+++":None/None "\ud800\udc00":None/None
"a{2}" i=false s=true "":None/None "a":None/None "aaa":Some(0..2)/Some(1..3) "baaab":Some(1..3)/Some(1..3) "abbaa":Some(3..5)/None "Aaa":Some(1..3)/Some(1..3) "12x":None/None " \u000a":None/None "\u000a":None/None "+++":None/None "\ud800\udc00":None/None
"a{2,}" i=false s=false "":None/None "a":None/None "aaa":Some(0..3)/Some(1..3) "baaab":Some(1..4)/Some(1..4) "abbaa":Some(3..5)/None "Aaa":Some(1..3)/Some(1..3) "12x":None/None " \u000a":None/None "\u000a":None/None "+++":None/None "\ud800\udc00":None/None
"a{2,}" i=true s=false "":None/None "a":None/None "aaa":Some(0..3)/Some(1..3) "baaab":Some(1..4)/Some(1..4) "abbaa":Some(3..5)/None "Aaa":Some(0..3)/Some(1..3) "12x":None/None " \u000a":None/None "\u000a":None/None "+++":None/None "\ud800\udc00":None/None
"a{2,}" i=false s=true "":None/None "a":None/None "aaa":Some(0..3)/Some(1..3) "baaab":Some(1..4)/Some(1..4) "abbaa":Some(3..5)/None "Aaa":Some(1..3)/Some(1..3) "12x":None/None " \u000a":None/None "\u000a":None/None "+++":None/None "\ud800\udc00":None/None
"a{2,}?" i=false s=false "":None/None "a":None/None "aaa":Some(0..2)/Some(1..3) "baaab":Some(1..3)/Some(1..3) "abbaa":Some(3..5)/None "Aaa":Some(1..3)/Some(1..3) "12x":None/None " \u000a":None/None "\u000a":None/None "+++":None/None "\ud800\udc00":None/None
"a{2,}?" i=true s=false "":None/None "a":None/None "aaa":Some(0..2)/Some(1..3) "baaab":Some(1..3)/Some(1..3) "abbaa":Some(3..5)/None "Aaa":Some(0..2)/Some(1..3) "12x":None/None " \u000a":None/None "\u000a":None/None "+++":None/None "\ud800\udc00":None/None
"a{2,}?" i=false s=true "":None/None "a":None/None "aaa":Some(0..2)/Some(1..3) "baaab":Some(1..3)/Some(1..3) "abbaa":Some(3..5)/None "Aaa":Some(1..3)/Some(1..3) "12x":None/None " \u000a":None/None "\u000a":None/None "+++":None/None "\ud800\udc00":None/None
"a{1,3}" i=false s=false "":None/None "a":Some(0..1)/None "aaa":Some(0..3)/Some(1..3) "baaab":Some(1..4)/Some(1..4) "abbaa":Some(0..1)/None "Aaa":Some(1..3)/Some(1..3) "12x":None/None " \u000a":None/None "\u000a":None/None "+++":None/None "\ud800\udc00":None/None
"a{1,3}" i=true s=false "":None/None "a":Some(0..1)/None "aaa":Some(0..3)/Some(1..3) "baaab":Some(1..4)/Some(1..4) "abbaa":Some(0..1)/None "Aaa":Some(0..3)/Some(1..3) "12x":None/None " \u000a":None/None "\u000a":None/None "+++":None/None "\ud800\udc00":None/None
"a{1,3}" i=false s=true "":None/None "a":Some(0..1)/None "aaa":Some(0..3)/Some(1..3) "baaab":Some(1..4)/Some(1..4) "abbaa":Some(0..1)/None "Aaa":Some(1..3)/Some(1..3) "12x":None/None " \u000a":None/None "\u000a":None/None "+++":None/None "\ud800\udc00":None/None
"a{1,3}?" i=false s=false "":None/None "a":Some(0..1)/None "aaa":Some(0..1)/Some(1..2) "baaab":Some(1..2)/Some(1..2) "abbaa":Some(0..1)/None "Aaa":Some(1..2)/Some(1..2) "12x":None/None " \u000a":None/None "\u000a":None/None "+++":None/None "\ud800\udc00":None/None
"a{1,3}?" i=true s=false "":None/None "a":Some(0..1)/None "aaa":Some(0..1)/Some(1..2) "baaab":Some(1..2)/Some(1..2) "abbaa":Some(0..1)/None "Aaa":Some(0..1)/Some(1..2) "12x":None/None " \u000a":None/None "\u000a":None/None "+++":None/None "\ud800\udc00":None/None
"a{1,3}?" i=false s=true "":None/None "a":Some(0..1)/None "aaa":Some(0..1)/Some(1..2) "baaab":Some(1..2)/Some(1..2) "abbaa":Some(0..1)/None "Aaa":Some(1..2)/Some(1..2) "12x":None/None " \u000a":None/None "\u000a":None/None "+++":None/None "\ud800\udc00":None/None
"a{00,02}" i=false s=false "":Some(0..0)/None "a":Some(0..1)/Some(1..1) "aaa":Some(0..2)/Some(1..3) "baaab":Some(0..0)/Some(1..3) "abbaa":Some(0..1)/Some(1..1) "Aaa":Some(0..0)/Some(1..3) "12x":Some(0..0)/Some(1..1) " \u000a":Some(0..0)/Some(1..1) "\u000a":Some(0..0)/Some(1..1) "+++":Some(0..0)/Some(1..1) "\ud800\udc00":Some(0..0)/Some(1..1)
"a{00,02}" i=true s=false "":Some(0..0)/None "a":Some(0..1)/Some(1..1) "aaa":Some(0..2)/Some(1..3) "baaab":Some(0..0)/Some(1..3) "abbaa":Some(0..1)/Some(1..1) "Aaa":Some(0..2)/Some(1..3) "12x":Some(0..0)/Some(1..1) " \u000a":Some(0..0)/Some(1..1) "\u000a":Some(0..0)/Some(1..1) "+++":Some(0..0)/Some(1..1) "\ud800\udc00":Some(0..0)/Some(1..1)
"a{00,02}" i=false s=true "":Some(0..0)/None "a":Some(0..1)/Some(1..1) "aaa":Some(0..2)/Some(1..3) "baaab":Some(0..0)/Some(1..3) "abbaa":Some(0..1)/Some(1..1) "Aaa":Some(0..0)/Some(1..3) "12x":Some(0..0)/Some(1..1) " \u000a":Some(0..0)/Some(1..1) "\u000a":Some(0..0)/Some(1..1) "+++":Some(0..0)/Some(1..1) "\ud800\udc00":Some(0..0)/Some(1..1)
"a{0,999999999999999999999999999999}" i=false s=false "":Some(0..0)/None "a":Some(0..1)/Some(1..1) "aaa":Some(0..3)/Some(1..3) "baaab":Some(0..0)/Some(1..4) "abbaa":Some(0..1)/Some(1..1) "Aaa":Some(0..0)/Some(1..3) "12x":Some(0..0)/Some(1..1) " \u000a":Some(0..0)/Some(1..1) "\u000a":Some(0..0)/Some(1..1) "+++":Some(0..0)/Some(1..1) "\ud800\udc00":Some(0..0)/Some(1..1)
"a{0,999999999999999999999999999999}" i=true s=false "":Some(0..0)/None "a":Some(0..1)/Some(1..1) "aaa":Some(0..3)/Some(1..3) "baaab":Some(0..0)/Some(1..4) "abbaa":Some(0..1)/Some(1..1) "Aaa":Some(0..3)/Some(1..3) "12x":Some(0..0)/Some(1..1) " \u000a":Some(0..0)/Some(1..1) "\u000a":Some(0..0)/Some(1..1) "+++":Some(0..0)/Some(1..1) "\ud800\udc00":Some(0..0)/Some(1..1)
"a{0,999999999999999999999999999999}" i=false s=true "":Some(0..0)/None "a":Some(0..1)/Some(1..1) "aaa":Some(0..3)/Some(1..3) "baaab":Some(0..0)/Some(1..4) "abbaa":Some(0..1)/Some(1..1) "Aaa":Some(0..0)/Some(1..3) "12x":Some(0..0)/Some(1..1) " \u000a":Some(0..0)/Some(1..1) "\u000a":Some(0..0)/Some(1..1) "+++":Some(0..0)/Some(1..1) "\ud800\udc00":Some(0..0)/Some(1..1)
"a{999999999999999999999999999999,}" i=false s=false "":None/None "a":None/None "aaa":None/None "baaab":None/None "abbaa":None/None "Aaa":None/None "12x":None/None " \u000a":None/None "\u000a":None/None "+++":None/None "\ud800\udc00":None/None
"a{999999999999999999999999999999,}" i=true s=false "":None/None "a":None/None "aaa":None/None "baaab":None/None "abbaa":None/None "Aaa":None/None "12x":None/None " \u000a":None/None "\u000a":None/None "+++":None/None "\ud800\udc00":None/None
"a{999999999999999999999999999999,}" i=false s=true "":None/None "a":None/None "aaa":None/None "baaab":None/None "abbaa":None/None "Aaa":None/None "12x":None/None " \u000a":None/None "\u000a":None/None "+++":None/None "\ud800\udc00":None/None
"[ab]+" i=false s=false "":None/None "a":Some(0..1)/None "aaa":Some(0..3)/Some(1..3) "baaab":Some(0..5)/Some(1..5) "abbaa":Some(0..5)/Some(1..5) "Aaa":Some(1..3)/Some(1..3) "12x":None/None " \u000a":None/None "\u000a":None/None "+++":None/None "\ud800\udc00":None/None
"[ab]+" i=true s=false "":None/None "a":Some(0..1)/None "aaa":Some(0..3)/Some(1..3) "baaab":Some(0..5)/Some(1..5) "abbaa":Some(0..5)/Some(1..5) "Aaa":Some(0..3)/Some(1..3) "12x":None/None " \u000a":None/None "\u000a":None/None "+++":None/None "\ud800\udc00":None/None
"[ab]+" i=false s=true "":None/None "a":Some(0..1)/None "aaa":Some(0..3)/Some(1..3) "baaab":Some(0..5)/Some(1..5) "abbaa":Some(0..5)/Some(1..5) "Aaa":Some(1..3)/Some(1..3) "12x":None/None " \u000a":None/None "\u000a":None/None "+++":None/None "\ud800\udc00":None/None
"[^b]{1,3}" i=false s=false "":None/None "a":Some(0..1)/None "aaa":Some(0..3)/Some(1..3) "baaab":Some(1..4)/Some(1..4) "abbaa":Some(0..1)/None "Aaa":Some(0..3)/Some(1..3) "12x":Some(0..3)/Some(1..3) " \u000a":Some(0..2)/Some(1..2) "\u000a":Some(0..1)/None "+++":Some(0..3)/Some(1..3) "\ud800\udc00":Some(0..2)/Some(1..2)
"[^b]{1,3}" i=true s=false "":None/None "a":Some(0..1)/None "aaa":Some(0..3)/Some(1..3) "baaab":Some(1..4)/Some(1..4) "abbaa":Some(0..1)/None "Aaa":Some(0..3)/Some(1..3) "12x":Some(0..3)/Some(1..3) " \u000a":Some(0..2)/Some(1..2) "\u000a":Some(0..1)/None "+++":Some(0..3)/Some(1..3) "\ud800\udc00":Some(0..2)/Some(1..2)
"[^b]{1,3}" i=false s=true "":None/None "a":Some(0..1)/None "aaa":Some(0..3)/Some(1..3) "baaab":Some(1..4)/Some(1..4) "abbaa":Some(0..1)/None "Aaa":Some(0..3)/Some(1..3) "12x":Some(0..3)/Some(1..3) " \u000a":Some(0..2)/Some(1..2) "\u000a":Some(0..1)/None "+++":Some(0..3)/Some(1..3) "\ud800\udc00":Some(0..2)/Some(1..2)
"[]*" i=false s=false "":Some(0..0)/None "a":Some(0..0)/Some(1..1) "aaa":Some(0..0)/Some(1..1) "baaab":Some(0..0)/Some(1..1) "abbaa":Some(0..0)/Some(1..1) "Aaa":Some(0..0)/Some(1..1) "12x":Some(0..0)/Some(1..1) " \u000a":Some(0..0)/Some(1..1) "\u000a":Some(0..0)/Some(1..1) "+++":Some(0..0)/Some(1..1) "\ud800\udc00":Some(0..0)/Some(1..1)
"[]*" i=true s=false "":Some(0..0)/None "a":Some(0..0)/Some(1..1) "aaa":Some(0..0)/Some(1..1) "baaab":Some(0..0)/Some(1..1) "abbaa":Some(0..0)/Some(1..1) "Aaa":Some(0..0)/Some(1..1) "12x":Some(0..0)/Some(1..1) " \u000a":Some(0..0)/Some(1..1) "\u000a":Some(0..0)/Some(1..1) "+++":Some(0..0)/Some(1..1) "\ud800\udc00":Some(0..0)/Some(1..1)
"[]*" i=false s=true "":Some(0..0)/None "a":Some(0..0)/Some(1..1) "aaa":Some(0..0)/Some(1..1) "baaab":Some(0..0)/Some(1..1) "abbaa":Some(0..0)/Some(1..1) "Aaa":Some(0..0)/Some(1..1) "12x":Some(0..0)/Some(1..1) " \u000a":Some(0..0)/Some(1..1) "\u000a":Some(0..0)/Some(1..1) "+++":Some(0..0)/Some(1..1) "\ud800\udc00":Some(0..0)/Some(1..1)
"[]+" i=false s=false "":None/None "a":None/None "aaa":None/None "baaab":None/None "abbaa":None/None "Aaa":None/None "12x":None/None " \u000a":None/None "\u000a":None/None "+++":None/None "\ud800\udc00":None/None
"[]+" i=true s=false "":None/None "a":None/None "aaa":None/None "baaab":None/None "abbaa":None/None "Aaa":None/None "12x":None/None " \u000a":None/None "\u000a":None/None "+++":None/None "\ud800\udc00":None/None
"[]+" i=false s=true "":None/None "a":None/None "aaa":None/None "baaab":None/None "abbaa":None/None "Aaa":None/None "12x":None/None " \u000a":None/None "\u000a":None/None "+++":None/None "\ud800\udc00":None/None
"[^]{2}" i=false s=false "":None/None "a":None/None "aaa":Some(0..2)/Some(1..3) "baaab":Some(0..2)/Some(1..3) "abbaa":Some(0..2)/Some(1..3) "Aaa":Some(0..2)/Some(1..3) "12x":Some(0..2)/Some(1..3) " \u000a":Some(0..2)/None "\u000a":None/None "+++":Some(0..2)/Some(1..3) "\ud800\udc00":Some(0..2)/None
"[^]{2}" i=true s=false "":None/None "a":None/None "aaa":Some(0..2)/Some(1..3) "baaab":Some(0..2)/Some(1..3) "abbaa":Some(0..2)/Some(1..3) "Aaa":Some(0..2)/Some(1..3) "12x":Some(0..2)/Some(1..3) " \u000a":Some(0..2)/None "\u000a":None/None "+++":Some(0..2)/Some(1..3) "\ud800\udc00":Some(0..2)/None
"[^]{2}" i=false s=true "":None/None "a":None/None "aaa":Some(0..2)/Some(1..3) "baaab":Some(0..2)/Some(1..3) "abbaa":Some(0..2)/Some(1..3) "Aaa":Some(0..2)/Some(1..3) "12x":Some(0..2)/Some(1..3) " \u000a":Some(0..2)/None "\u000a":None/None "+++":Some(0..2)/Some(1..3) "\ud800\udc00":Some(0..2)/None
"\\d+" i=false s=false "":None/None "a":None/None "aaa":None/None "baaab":None/None "abbaa":None/None "Aaa":None/None "12x":Some(0..2)/Some(1..2) " \u000a":None/None "\u000a":None/None "+++":None/None "\ud800\udc00":None/None
"\\d+" i=true s=false "":None/None "a":None/None "aaa":None/None "baaab":None/None "abbaa":None/None "Aaa":None/None "12x":Some(0..2)/Some(1..2) " \u000a":None/None "\u000a":None/None "+++":None/None "\ud800\udc00":None/None
"\\d+" i=false s=true "":None/None "a":None/None "aaa":None/None "baaab":None/None "abbaa":None/None "Aaa":None/None "12x":Some(0..2)/Some(1..2) " \u000a":None/None "\u000a":None/None "+++":None/None "\ud800\udc00":None/None
"\\w+?" i=false s=false "":None/None "a":Some(0..1)/None "aaa":Some(0..1)/Some(1..2) "baaab":Some(0..1)/Some(1..2) "abbaa":Some(0..1)/Some(1..2) "Aaa":Some(0..1)/Some(1..2) "12x":Some(0..1)/Some(1..2) " \u000a":None/None "\u000a":None/None "+++":None/None "\ud800\udc00":None/None
"\\w+?" i=true s=false "":None/None "a":Some(0..1)/None "aaa":Some(0..1)/Some(1..2) "baaab":Some(0..1)/Some(1..2) "abbaa":Some(0..1)/Some(1..2) "Aaa":Some(0..1)/Some(1..2) "12x":Some(0..1)/Some(1..2) " \u000a":None/None "\u000a":None/None "+++":None/None "\ud800\udc00":None/None
"\\w+?" i=false s=true "":None/None "a":Some(0..1)/None "aaa":Some(0..1)/Some(1..2) "baaab":Some(0..1)/Some(1..2) "abbaa":Some(0..1)/Some(1..2) "Aaa":Some(0..1)/Some(1..2) "12x":Some(0..1)/Some(1..2) " \u000a":None/None "\u000a":None/None "+++":None/None "\ud800\udc00":None/None
"\\s*" i=false s=false "":Some(0..0)/None "a":Some(0..0)/Some(1..1) "aaa":Some(0..0)/Some(1..1) "baaab":Some(0..0)/Some(1..1) "abbaa":Some(0..0)/Some(1..1) "Aaa":Some(0..0)/Some(1..1) "12x":Some(0..0)/Some(1..1) " \u000a":Some(0..2)/Some(1..2) "\u000a":Some(0..1)/Some(1..1) "+++":Some(0..0)/Some(1..1) "\ud800\udc00":Some(0..0)/Some(1..1)
"\\s*" i=true s=false "":Some(0..0)/None "a":Some(0..0)/Some(1..1) "aaa":Some(0..0)/Some(1..1) "baaab":Some(0..0)/Some(1..1) "abbaa":Some(0..0)/Some(1..1) "Aaa":Some(0..0)/Some(1..1) "12x":Some(0..0)/Some(1..1) " \u000a":Some(0..2)/Some(1..2) "\u000a":Some(0..1)/Some(1..1) "+++":Some(0..0)/Some(1..1) "\ud800\udc00":Some(0..0)/Some(1..1)
"\\s*" i=false s=true "":Some(0..0)/None "a":Some(0..0)/Some(1..1) "aaa":Some(0..0)/Some(1..1) "baaab":Some(0..0)/Some(1..1) "abbaa":Some(0..0)/Some(1..1) "Aaa":Some(0..0)/Some(1..1) "12x":Some(0..0)/Some(1..1) " \u000a":Some(0..2)/Some(1..2) "\u000a":Some(0..1)/Some(1..1) "+++":Some(0..0)/Some(1..1) "\ud800\udc00":Some(0..0)/Some(1..1)
".+" i=false s=false "":None/None "a":Some(0..1)/None "aaa":Some(0..3)/Some(1..3) "baaab":Some(0..5)/Some(1..5) "abbaa":Some(0..5)/Some(1..5) "Aaa":Some(0..3)/Some(1..3) "12x":Some(0..3)/Some(1..3) " \u000a":Some(0..1)/None "\u000a":None/None "+++":Some(0..3)/Some(1..3) "\ud800\udc00":Some(0..2)/Some(1..2)
".+" i=true s=false "":None/None "a":Some(0..1)/None "aaa":Some(0..3)/Some(1..3) "baaab":Some(0..5)/Some(1..5) "abbaa":Some(0..5)/Some(1..5) "Aaa":Some(0..3)/Some(1..3) "12x":Some(0..3)/Some(1..3) " \u000a":Some(0..1)/None "\u000a":None/None "+++":Some(0..3)/Some(1..3) "\ud800\udc00":Some(0..2)/Some(1..2)
".+" i=false s=true "":None/None "a":Some(0..1)/None "aaa":Some(0..3)/Some(1..3) "baaab":Some(0..5)/Some(1..5) "abbaa":Some(0..5)/Some(1..5) "Aaa":Some(0..3)/Some(1..3) "12x":Some(0..3)/Some(1..3) " \u000a":Some(0..2)/Some(1..2) "\u000a":Some(0..1)/None "+++":Some(0..3)/Some(1..3) "\ud800\udc00":Some(0..2)/Some(1..2)
".+?" i=false s=false "":None/None "a":Some(0..1)/None "aaa":Some(0..1)/Some(1..2) "baaab":Some(0..1)/Some(1..2) "abbaa":Some(0..1)/Some(1..2) "Aaa":Some(0..1)/Some(1..2) "12x":Some(0..1)/Some(1..2) " \u000a":Some(0..1)/None "\u000a":None/None "+++":Some(0..1)/Some(1..2) "\ud800\udc00":Some(0..1)/Some(1..2)
".+?" i=true s=false "":None/None "a":Some(0..1)/None "aaa":Some(0..1)/Some(1..2) "baaab":Some(0..1)/Some(1..2) "abbaa":Some(0..1)/Some(1..2) "Aaa":Some(0..1)/Some(1..2) "12x":Some(0..1)/Some(1..2) " \u000a":Some(0..1)/None "\u000a":None/None "+++":Some(0..1)/Some(1..2) "\ud800\udc00":Some(0..1)/Some(1..2)
".+?" i=false s=true "":None/None "a":Some(0..1)/None "aaa":Some(0..1)/Some(1..2) "baaab":Some(0..1)/Some(1..2) "abbaa":Some(0..1)/Some(1..2) "Aaa":Some(0..1)/Some(1..2) "12x":Some(0..1)/Some(1..2) " \u000a":Some(0..1)/Some(1..2) "\u000a":Some(0..1)/None "+++":Some(0..1)/Some(1..2) "\ud800\udc00":Some(0..1)/Some(1..2)
"\\uD800+" i=false s=false "":None/None "a":None/None "aaa":None/None "baaab":None/None "abbaa":None/None "Aaa":None/None "12x":None/None " \u000a":None/None "\u000a":None/None "+++":None/None "\ud800\udc00":Some(0..1)/None
"\\uD800+" i=true s=false "":None/None "a":None/None "aaa":None/None "baaab":None/None "abbaa":None/None "Aaa":None/None "12x":None/None " \u000a":None/None "\u000a":None/None "+++":None/None "\ud800\udc00":Some(0..1)/None
"\\uD800+" i=false s=true "":None/None "a":None/None "aaa":None/None "baaab":None/None "abbaa":None/None "Aaa":None/None "12x":None/None " \u000a":None/None "\u000a":None/None "+++":None/None "\ud800\udc00":Some(0..1)/None
"\\++" i=false s=false "":None/None "a":None/None "aaa":None/None "baaab":None/None "abbaa":None/None "Aaa":None/None "12x":None/None " \u000a":None/None "\u000a":None/None "+++":Some(0..3)/Some(1..3) "\ud800\udc00":None/None
"\\++" i=true s=false "":None/None "a":None/None "aaa":None/None "baaab":None/None "abbaa":None/None "Aaa":None/None "12x":None/None " \u000a":None/None "\u000a":None/None "+++":Some(0..3)/Some(1..3) "\ud800\udc00":None/None
"\\++" i=false s=true "":None/None "a":None/None "aaa":None/None "baaab":None/None "abbaa":None/None "Aaa":None/None "12x":None/None " \u000a":None/None "\u000a":None/None "+++":Some(0..3)/Some(1..3) "\ud800\udc00":None/None
"a" i=false s=false unsupported
"a" i=true s=false unsupported
"a" i=false s=true unsupported
"aa+" i=false s=false unsupported
"aa+" i=true s=false unsupported
"aa+" i=false s=true unsupported
"(a)+" i=false s=false unsupported
"(a)+" i=true s=false unsupported
"(a)+" i=false s=true unsupported
"(?:a)+" i=false s=false "":None/None "a":Some(0..1)/None "aaa":Some(0..3)/Some(1..3) "baaab":Some(1..4)/Some(1..4) "abbaa":Some(0..1)/None "Aaa":Some(1..3)/Some(1..3) "12x":None/None " \u000a":None/None "\u000a":None/None "+++":None/None "\ud800\udc00":None/None
"(?:a)+" i=true s=false "":None/None "a":Some(0..1)/None "aaa":Some(0..3)/Some(1..3) "baaab":Some(1..4)/Some(1..4) "abbaa":Some(0..1)/None "Aaa":Some(0..3)/Some(1..3) "12x":None/None " \u000a":None/None "\u000a":None/None "+++":None/None "\ud800\udc00":None/None
"(?:a)+" i=false s=true "":None/None "a":Some(0..1)/None "aaa":Some(0..3)/Some(1..3) "baaab":Some(1..4)/Some(1..4) "abbaa":Some(0..1)/None "Aaa":Some(1..3)/Some(1..3) "12x":None/None " \u000a":None/None "\u000a":None/None "+++":None/None "\ud800\udc00":None/None
"a+|b" i=false s=false unsupported
"a+|b" i=true s=false unsupported
"a+|b" i=false s=true unsupported
"^a+$" i=false s=false unsupported
"^a+$" i=true s=false unsupported
"^a+$" i=false s=true unsupported
"\\1+" i=false s=false unsupported
"\\1+" i=true s=false unsupported
"\\1+" i=false s=true unsupported
"[a]+b" i=false s=false unsupported
"[a]+b" i=true s=false unsupported
"[a]+b" i=false s=true unsupported
